Archive member included to satisfy reference by file (symbol)

c:/program files (x86)/gnu tools arm embedded/7 2017-q4-major/bin/../lib/gcc/arm-none-eabi/7.2.1/../../../../arm-none-eabi/lib/thumb/v7e-m/fpv4-sp/hard\libc_nano.a(lib_a-exit.o)
                              c:/program files (x86)/gnu tools arm embedded/7 2017-q4-major/bin/../lib/gcc/arm-none-eabi/7.2.1/../../../../arm-none-eabi/lib/thumb/v7e-m/fpv4-sp/hard/crt0.o (exit)
c:/program files (x86)/gnu tools arm embedded/7 2017-q4-major/bin/../lib/gcc/arm-none-eabi/7.2.1/../../../../arm-none-eabi/lib/thumb/v7e-m/fpv4-sp/hard\libc_nano.a(lib_a-impure.o)
                              c:/program files (x86)/gnu tools arm embedded/7 2017-q4-major/bin/../lib/gcc/arm-none-eabi/7.2.1/../../../../arm-none-eabi/lib/thumb/v7e-m/fpv4-sp/hard\libc_nano.a(lib_a-exit.o) (_global_impure_ptr)
c:/program files (x86)/gnu tools arm embedded/7 2017-q4-major/bin/../lib/gcc/arm-none-eabi/7.2.1/../../../../arm-none-eabi/lib/thumb/v7e-m/fpv4-sp/hard\libc_nano.a(lib_a-init.o)
                              c:/program files (x86)/gnu tools arm embedded/7 2017-q4-major/bin/../lib/gcc/arm-none-eabi/7.2.1/../../../../arm-none-eabi/lib/thumb/v7e-m/fpv4-sp/hard/crt0.o (__libc_init_array)
c:/program files (x86)/gnu tools arm embedded/7 2017-q4-major/bin/../lib/gcc/arm-none-eabi/7.2.1/../../../../arm-none-eabi/lib/thumb/v7e-m/fpv4-sp/hard\libc_nano.a(lib_a-malloc.o)
                              build/usbd_customhid.o (malloc)
c:/program files (x86)/gnu tools arm embedded/7 2017-q4-major/bin/../lib/gcc/arm-none-eabi/7.2.1/../../../../arm-none-eabi/lib/thumb/v7e-m/fpv4-sp/hard\libc_nano.a(lib_a-memcmp.o)
                              build/main.o (memcmp)
c:/program files (x86)/gnu tools arm embedded/7 2017-q4-major/bin/../lib/gcc/arm-none-eabi/7.2.1/../../../../arm-none-eabi/lib/thumb/v7e-m/fpv4-sp/hard\libc_nano.a(lib_a-memset.o)
                              c:/program files (x86)/gnu tools arm embedded/7 2017-q4-major/bin/../lib/gcc/arm-none-eabi/7.2.1/../../../../arm-none-eabi/lib/thumb/v7e-m/fpv4-sp/hard/crt0.o (memset)
c:/program files (x86)/gnu tools arm embedded/7 2017-q4-major/bin/../lib/gcc/arm-none-eabi/7.2.1/../../../../arm-none-eabi/lib/thumb/v7e-m/fpv4-sp/hard\libc_nano.a(lib_a-nano-freer.o)
                              c:/program files (x86)/gnu tools arm embedded/7 2017-q4-major/bin/../lib/gcc/arm-none-eabi/7.2.1/../../../../arm-none-eabi/lib/thumb/v7e-m/fpv4-sp/hard\libc_nano.a(lib_a-malloc.o) (_free_r)
c:/program files (x86)/gnu tools arm embedded/7 2017-q4-major/bin/../lib/gcc/arm-none-eabi/7.2.1/../../../../arm-none-eabi/lib/thumb/v7e-m/fpv4-sp/hard\libc_nano.a(lib_a-nano-mallocr.o)
                              c:/program files (x86)/gnu tools arm embedded/7 2017-q4-major/bin/../lib/gcc/arm-none-eabi/7.2.1/../../../../arm-none-eabi/lib/thumb/v7e-m/fpv4-sp/hard\libc_nano.a(lib_a-malloc.o) (_malloc_r)
c:/program files (x86)/gnu tools arm embedded/7 2017-q4-major/bin/../lib/gcc/arm-none-eabi/7.2.1/../../../../arm-none-eabi/lib/thumb/v7e-m/fpv4-sp/hard\libc_nano.a(lib_a-sbrkr.o)
                              c:/program files (x86)/gnu tools arm embedded/7 2017-q4-major/bin/../lib/gcc/arm-none-eabi/7.2.1/../../../../arm-none-eabi/lib/thumb/v7e-m/fpv4-sp/hard\libc_nano.a(lib_a-nano-mallocr.o) (_sbrk_r)
c:/program files (x86)/gnu tools arm embedded/7 2017-q4-major/bin/../lib/gcc/arm-none-eabi/7.2.1/../../../../arm-none-eabi/lib/thumb/v7e-m/fpv4-sp/hard\libc_nano.a(lib_a-mlock.o)
                              c:/program files (x86)/gnu tools arm embedded/7 2017-q4-major/bin/../lib/gcc/arm-none-eabi/7.2.1/../../../../arm-none-eabi/lib/thumb/v7e-m/fpv4-sp/hard\libc_nano.a(lib_a-nano-freer.o) (__malloc_lock)
c:/program files (x86)/gnu tools arm embedded/7 2017-q4-major/bin/../lib/gcc/arm-none-eabi/7.2.1/../../../../arm-none-eabi/lib/thumb/v7e-m/fpv4-sp/hard\libc_nano.a(lib_a-reent.o)
                              c:/program files (x86)/gnu tools arm embedded/7 2017-q4-major/bin/../lib/gcc/arm-none-eabi/7.2.1/../../../../arm-none-eabi/lib/thumb/v7e-m/fpv4-sp/hard\libc_nano.a(lib_a-sbrkr.o) (errno)
c:/program files (x86)/gnu tools arm embedded/7 2017-q4-major/bin/../lib/gcc/arm-none-eabi/7.2.1/../../../../arm-none-eabi/lib/thumb/v7e-m/fpv4-sp/hard\libnosys.a(sbrk.o)
                              c:/program files (x86)/gnu tools arm embedded/7 2017-q4-major/bin/../lib/gcc/arm-none-eabi/7.2.1/../../../../arm-none-eabi/lib/thumb/v7e-m/fpv4-sp/hard\libc_nano.a(lib_a-sbrkr.o) (_sbrk)
c:/program files (x86)/gnu tools arm embedded/7 2017-q4-major/bin/../lib/gcc/arm-none-eabi/7.2.1/../../../../arm-none-eabi/lib/thumb/v7e-m/fpv4-sp/hard\libnosys.a(_exit.o)
                              c:/program files (x86)/gnu tools arm embedded/7 2017-q4-major/bin/../lib/gcc/arm-none-eabi/7.2.1/../../../../arm-none-eabi/lib/thumb/v7e-m/fpv4-sp/hard\libc_nano.a(lib_a-exit.o) (_exit)
[...]
Memory Configuration

Name             Origin             Length             Attributes
RAM              0x20000000         0x00020000         xrw
CCMRAM           0x10000000         0x00010000         rw
FLASH            0x08000000         0x00080000         xr
*default*        0x00000000         0xffffffff

Linker script and memory map

LOAD c:/program files (x86)/gnu tools arm embedded/7 2017-q4-major/bin/../lib/gcc/arm-none-eabi/7.2.1/thumb/v7e-m/fpv4-sp/hard/crti.o
LOAD c:/program files (x86)/gnu tools arm embedded/7 2017-q4-major/bin/../lib/gcc/arm-none-eabi/7.2.1/thumb/v7e-m/fpv4-sp/hard/crtbegin.o
LOAD c:/program files (x86)/gnu tools arm embedded/7 2017-q4-major/bin/../lib/gcc/arm-none-eabi/7.2.1/../../../../arm-none-eabi/lib/thumb/v7e-m/fpv4-sp/hard/crt0.o
LOAD build/main.o
LOAD build/usb_device.o
LOAD build/usbd_conf.o
LOAD build/usbd_desc.o
LOAD build/usbd_custom_hid_if.o
LOAD build/stm32f4xx_it.o
LOAD build/stm32f4xx_hal_msp.o
LOAD build/stm32f4xx_hal_pcd.o
LOAD build/stm32f4xx_hal_pcd_ex.o
LOAD build/stm32f4xx_ll_usb.o
LOAD build/stm32f4xx_hal_tim.o
LOAD build/stm32f4xx_hal_tim_ex.o
LOAD build/stm32f4xx_hal_rcc.o
LOAD build/stm32f4xx_hal_rcc_ex.o
LOAD build/stm32f4xx_hal_flash.o
LOAD build/stm32f4xx_hal_flash_ex.o
LOAD build/stm32f4xx_hal_flash_ramfunc.o
LOAD build/stm32f4xx_hal_gpio.o
LOAD build/stm32f4xx_hal_dma_ex.o
LOAD build/stm32f4xx_hal_dma.o
LOAD build/stm32f4xx_hal_pwr.o
LOAD build/stm32f4xx_hal_pwr_ex.o
LOAD build/stm32f4xx_hal_cortex.o
LOAD build/stm32f4xx_hal.o
LOAD build/system_stm32f4xx.o
LOAD build/usbd_core.o
LOAD build/usbd_ctlreq.o
LOAD build/usbd_ioreq.o
LOAD build/usbd_customhid.o
LOAD build/startup_stm32f407xx.o
LOAD c:/program files (x86)/gnu tools arm embedded/7 2017-q4-major/bin/../lib/gcc/arm-none-eabi/7.2.1/../../../../arm-none-eabi/lib/thumb/v7e-m/fpv4-sp/hard\libc_nano.a
LOAD c:/program files (x86)/gnu tools arm embedded/7 2017-q4-major/bin/../lib/gcc/arm-none-eabi/7.2.1/../../../../arm-none-eabi/lib/thumb/v7e-m/fpv4-sp/hard\libm.a
LOAD c:/program files (x86)/gnu tools arm embedded/7 2017-q4-major/bin/../lib/gcc/arm-none-eabi/7.2.1/../../../../arm-none-eabi/lib/thumb/v7e-m/fpv4-sp/hard\libnosys.a
START GROUP
LOAD c:/program files (x86)/gnu tools arm embedded/7 2017-q4-major/bin/../lib/gcc/arm-none-eabi/7.2.1/thumb/v7e-m/fpv4-sp/hard\libgcc.a
LOAD c:/program files (x86)/gnu tools arm embedded/7 2017-q4-major/bin/../lib/gcc/arm-none-eabi/7.2.1/../../../../arm-none-eabi/lib/thumb/v7e-m/fpv4-sp/hard\libc_nano.a
END GROUP
START GROUP
LOAD c:/program files (x86)/gnu tools arm embedded/7 2017-q4-major/bin/../lib/gcc/arm-none-eabi/7.2.1/thumb/v7e-m/fpv4-sp/hard\libgcc.a
LOAD c:/program files (x86)/gnu tools arm embedded/7 2017-q4-major/bin/../lib/gcc/arm-none-eabi/7.2.1/../../../../arm-none-eabi/lib/thumb/v7e-m/fpv4-sp/hard\libc_nano.a
END GROUP
LOAD c:/program files (x86)/gnu tools arm embedded/7 2017-q4-major/bin/../lib/gcc/arm-none-eabi/7.2.1/thumb/v7e-m/fpv4-sp/hard/crtend.o
LOAD c:/program files (x86)/gnu tools arm embedded/7 2017-q4-major/bin/../lib/gcc/arm-none-eabi/7.2.1/thumb/v7e-m/fpv4-sp/hard/crtn.o
                0x20020000                _estack = 0x20020000
                0x00000200                _Min_Heap_Size = 0x200
                0x00000400                _Min_Stack_Size = 0x400

.isr_vector     0x08000000      0x188
                0x08000000                . = ALIGN (0x4)
 *(.isr_vector)
 .isr_vector    0x08000000      0x188 build/startup_stm32f407xx.o
                0x08000000                g_pfnVectors
                0x08000188                . = ALIGN (0x4)

.text           0x08000188     0x3a18
                0x08000188                . = ALIGN (0x4)
 *(.text)
 .text          0x08000188       0x40 c:/program files (x86)/gnu tools arm embedded/7 2017-q4-major/bin/../lib/gcc/arm-none-eabi/7.2.1/thumb/v7e-m/fpv4-sp/hard/crtbegin.o
 .text          0x080001c8       0x30 c:/program files (x86)/gnu tools arm embedded/7 2017-q4-major/bin/../lib/gcc/arm-none-eabi/7.2.1/thumb/v7e-m/fpv4-sp/hard\libgcc.a(_aeabi_uldivmod.o)
                0x080001c8                __aeabi_uldivmod
 .text          0x080001f8      0x2cc c:/program files (x86)/gnu tools arm embedded/7 2017-q4-major/bin/../lib/gcc/arm-none-eabi/7.2.1/thumb/v7e-m/fpv4-sp/hard\libgcc.a(_udivmoddi4.o)
                0x080001f8                __udivmoddi4
 .text          0x080004c4        0x4 c:/program files (x86)/gnu tools arm embedded/7 2017-q4-major/bin/../lib/gcc/arm-none-eabi/7.2.1/thumb/v7e-m/fpv4-sp/hard\libgcc.a(_dvmd_tls.o)
                0x080004c4                __aeabi_idiv0
                0x080004c4                __aeabi_ldiv0
 *(.text*)
 .text.MX_GPIO_Init
                0x080004c8       0xbc build/main.o
 .text.write_flash_sector
                0x08000584       0xa0 build/main.o
                0x08000584                write_flash_sector
 .text._Error_Handler
                0x08000624        0x2 build/main.o
                0x08000624                _Error_Handler
 *fill*         0x08000626        0x2 
 .text.SystemClock_Config
                0x08000628       0xc8 build/main.o
                0x08000628                SystemClock_Config
 .text.main     0x080006f0      0x168 build/main.o
                0x080006f0                main
 .text.MX_USB_DEVICE_Init
                0x08000858       0x38 build/usb_device.o
                0x08000858                MX_USB_DEVICE_Init
 .text.HAL_PCD_MspInit
                0x08000890       0x68 build/usbd_conf.o
                0x08000890                HAL_PCD_MspInit
 .text.HAL_PCD_SetupStageCallback
                0x080008f8       0x10 build/usbd_conf.o
                0x080008f8                HAL_PCD_SetupStageCallback
 .text.HAL_PCD_DataOutStageCallback
                0x08000908       0x18 build/usbd_conf.o
                0x08000908                HAL_PCD_DataOutStageCallback
 .text.HAL_PCD_DataInStageCallback
                0x08000920       0x16 build/usbd_conf.o
                0x08000920                HAL_PCD_DataInStageCallback
 .text.HAL_PCD_SOFCallback
                0x08000936        0xc build/usbd_conf.o
                0x08000936                HAL_PCD_SOFCallback
 .text.HAL_PCD_ResetCallback
                0x08000942       0x20 build/usbd_conf.o
                0x08000942                HAL_PCD_ResetCallback
 *fill*         0x08000962        0x2 
 .text.HAL_PCD_SuspendCallback
                0x08000964       0x30 build/usbd_conf.o
                0x08000964                HAL_PCD_SuspendCallback
 .text.HAL_PCD_ResumeCallback
                0x08000994        0xc build/usbd_conf.o
                0x08000994                HAL_PCD_ResumeCallback
 .text.HAL_PCD_ISOOUTIncompleteCallback
                0x080009a0        0xc build/usbd_conf.o
                0x080009a0                HAL_PCD_ISOOUTIncompleteCallback
 .text.HAL_PCD_ISOINIncompleteCallback
                0x080009ac        0xc build/usbd_conf.o
                0x080009ac                HAL_PCD_ISOINIncompleteCallback
 .text.HAL_PCD_ConnectCallback
                0x080009b8        0xc build/usbd_conf.o
                0x080009b8                HAL_PCD_ConnectCallback
 .text.HAL_PCD_DisconnectCallback
                0x080009c4        0xc build/usbd_conf.o
                0x080009c4                HAL_PCD_DisconnectCallback
 .text.USBD_LL_Init
                0x080009d0       0x74 build/usbd_conf.o
                0x080009d0                USBD_LL_Init
 .text.USBD_LL_Start
                0x08000a44       0x1c build/usbd_conf.o
                0x08000a44                USBD_LL_Start
 .text.USBD_LL_OpenEP
                0x08000a60       0x22 build/usbd_conf.o
                0x08000a60                USBD_LL_OpenEP
 .text.USBD_LL_CloseEP
                0x08000a82       0x1c build/usbd_conf.o
                0x08000a82                USBD_LL_CloseEP
 .text.USBD_LL_StallEP
                0x08000a9e       0x1c build/usbd_conf.o
                0x08000a9e                USBD_LL_StallEP
 .text.USBD_LL_ClearStallEP
                0x08000aba       0x1c build/usbd_conf.o
                0x08000aba                USBD_LL_ClearStallEP
 .text.USBD_LL_IsStallEP
                0x08000ad6       0x2e build/usbd_conf.o
                0x08000ad6                USBD_LL_IsStallEP
 .text.USBD_LL_SetUSBAddress
                0x08000b04       0x1c build/usbd_conf.o
                0x08000b04                USBD_LL_SetUSBAddress
 .text.USBD_LL_Transmit
                0x08000b20       0x1c build/usbd_conf.o
                0x08000b20                USBD_LL_Transmit
 .text.USBD_LL_PrepareReceive
                0x08000b3c       0x1c build/usbd_conf.o
                0x08000b3c                USBD_LL_PrepareReceive
 .text.USBD_FS_DeviceDescriptor
                0x08000b58        0xc build/usbd_desc.o
                0x08000b58                USBD_FS_DeviceDescriptor
 .text.USBD_FS_LangIDStrDescriptor
                0x08000b64        0xc build/usbd_desc.o
                0x08000b64                USBD_FS_LangIDStrDescriptor
 .text.USBD_FS_ProductStrDescriptor
                0x08000b70       0x24 build/usbd_desc.o
                0x08000b70                USBD_FS_ProductStrDescriptor
 .text.USBD_FS_ManufacturerStrDescriptor
                0x08000b94       0x1c build/usbd_desc.o
                0x08000b94                USBD_FS_ManufacturerStrDescriptor
 .text.USBD_FS_SerialStrDescriptor
                0x08000bb0       0x24 build/usbd_desc.o
                0x08000bb0                USBD_FS_SerialStrDescriptor
 .text.USBD_FS_ConfigStrDescriptor
                0x08000bd4       0x24 build/usbd_desc.o
                0x08000bd4                USBD_FS_ConfigStrDescriptor
 .text.USBD_FS_InterfaceStrDescriptor
                0x08000bf8       0x24 build/usbd_desc.o
                0x08000bf8                USBD_FS_InterfaceStrDescriptor
 .text.CUSTOM_HID_Init_FS
                0x08000c1c        0x4 build/usbd_custom_hid_if.o
 .text.CUSTOM_HID_DeInit_FS
                0x08000c20        0x4 build/usbd_custom_hid_if.o
 .text.CUSTOM_HID_OutEvent_FS
                0x08000c24       0x30 build/usbd_custom_hid_if.o
 .text.NMI_Handler
                0x08000c54        0x2 build/stm32f4xx_it.o
                0x08000c54                NMI_Handler
 .text.HardFault_Handler
                0x08000c56        0x2 build/stm32f4xx_it.o
                0x08000c56                HardFault_Handler
 .text.MemManage_Handler
                0x08000c58        0x2 build/stm32f4xx_it.o
                0x08000c58                MemManage_Handler
 .text.BusFault_Handler
                0x08000c5a        0x2 build/stm32f4xx_it.o
                0x08000c5a                BusFault_Handler
 .text.UsageFault_Handler
                0x08000c5c        0x2 build/stm32f4xx_it.o
                0x08000c5c                UsageFault_Handler
 .text.SVC_Handler
                0x08000c5e        0x2 build/stm32f4xx_it.o
                0x08000c5e                SVC_Handler
 .text.DebugMon_Handler
                0x08000c60        0x2 build/stm32f4xx_it.o
                0x08000c60                DebugMon_Handler
 .text.PendSV_Handler
                0x08000c62        0x2 build/stm32f4xx_it.o
                0x08000c62                PendSV_Handler
 .text.SysTick_Handler
                0x08000c64        0xc build/stm32f4xx_it.o
                0x08000c64                SysTick_Handler
 .text.OTG_FS_IRQHandler
                0x08000c70       0x10 build/stm32f4xx_it.o
                0x08000c70                OTG_FS_IRQHandler
 .text.HAL_MspInit
                0x08000c80       0x5e build/stm32f4xx_hal_msp.o
                0x08000c80                HAL_MspInit
 .text.PCD_WriteEmptyTxFifo
                0x08000cde       0xac build/stm32f4xx_hal_pcd.o
 .text.HAL_PCD_Init
                0x08000d8a       0xe0 build/stm32f4xx_hal_pcd.o
                0x08000d8a                HAL_PCD_Init
 .text.HAL_PCD_Start
                0x08000e6a       0x2a build/stm32f4xx_hal_pcd.o
                0x08000e6a                HAL_PCD_Start
 .text.HAL_PCD_IRQHandler
                0x08000e94      0x5c4 build/stm32f4xx_hal_pcd.o
                0x08000e94                HAL_PCD_IRQHandler
 .text.HAL_PCD_SetAddress
                0x08001458       0x24 build/stm32f4xx_hal_pcd.o
                0x08001458                HAL_PCD_SetAddress
 .text.HAL_PCD_EP_Open
                0x0800147c       0x68 build/stm32f4xx_hal_pcd.o
                0x0800147c                HAL_PCD_EP_Open
 .text.HAL_PCD_EP_Close
                0x080014e4       0x56 build/stm32f4xx_hal_pcd.o
                0x080014e4                HAL_PCD_EP_Close
 .text.HAL_PCD_EP_Receive
                0x0800153a       0x5a build/stm32f4xx_hal_pcd.o
                0x0800153a                HAL_PCD_EP_Receive
 .text.HAL_PCD_EP_Transmit
                0x08001594       0x52 build/stm32f4xx_hal_pcd.o
                0x08001594                HAL_PCD_EP_Transmit
 .text.HAL_PCD_EP_SetStall
                0x080015e6       0x66 build/stm32f4xx_hal_pcd.o
                0x080015e6                HAL_PCD_EP_SetStall
 .text.HAL_PCD_EP_ClrStall
                0x0800164c       0x56 build/stm32f4xx_hal_pcd.o
                0x0800164c                HAL_PCD_EP_ClrStall
 .text.HAL_PCDEx_SetTxFiFo
                0x080016a2       0x48 build/stm32f4xx_hal_pcd_ex.o
                0x080016a2                HAL_PCDEx_SetTxFiFo
 .text.HAL_PCDEx_SetRxFiFo
                0x080016ea        0x8 build/stm32f4xx_hal_pcd_ex.o
                0x080016ea                HAL_PCDEx_SetRxFiFo
 .text.USB_CoreInit
                0x080016f2       0x7c build/stm32f4xx_ll_usb.o
                0x080016f2                USB_CoreInit
 .text.USB_EnableGlobalInt
                0x0800176e        0xc build/stm32f4xx_ll_usb.o
                0x0800176e                USB_EnableGlobalInt
 .text.USB_DisableGlobalInt
                0x0800177a        0xc build/stm32f4xx_ll_usb.o
                0x0800177a                USB_DisableGlobalInt
 .text.USB_SetCurrentMode
                0x08001786       0x2c build/stm32f4xx_ll_usb.o
                0x08001786                USB_SetCurrentMode
 *fill*         0x080017b2        0x2 
 .text.USB_DevInit
                0x080017b4      0x150 build/stm32f4xx_ll_usb.o
                0x080017b4                USB_DevInit
 .text.USB_FlushTxFifo
                0x08001904       0x28 build/stm32f4xx_ll_usb.o
                0x08001904                USB_FlushTxFifo
 .text.USB_FlushRxFifo
                0x0800192c       0x24 build/stm32f4xx_ll_usb.o
                0x0800192c                USB_FlushRxFifo
 .text.USB_SetDevSpeed
                0x08001950        0xe build/stm32f4xx_ll_usb.o
                0x08001950                USB_SetDevSpeed
 .text.USB_GetDevSpeed
                0x0800195e       0x40 build/stm32f4xx_ll_usb.o
                0x0800195e                USB_GetDevSpeed
 .text.USB_ActivateEndpoint
                0x0800199e       0x92 build/stm32f4xx_ll_usb.o
                0x0800199e                USB_ActivateEndpoint
 .text.USB_DeactivateEndpoint
                0x08001a30       0xf0 build/stm32f4xx_ll_usb.o
                0x08001a30                USB_DeactivateEndpoint
 .text.USB_EPStartXfer
                0x08001b20      0x264 build/stm32f4xx_ll_usb.o
                0x08001b20                USB_EPStartXfer
 .text.USB_EP0StartXfer
                0x08001d84      0x160 build/stm32f4xx_ll_usb.o
                0x08001d84                USB_EP0StartXfer
 .text.USB_WritePacket
                0x08001ee4       0x28 build/stm32f4xx_ll_usb.o
                0x08001ee4                USB_WritePacket
 .text.USB_ReadPacket
                0x08001f0c       0x28 build/stm32f4xx_ll_usb.o
                0x08001f0c                USB_ReadPacket
 .text.USB_EPSetStall
                0x08001f34       0x64 build/stm32f4xx_ll_usb.o
                0x08001f34                USB_EPSetStall
 .text.USB_EPClearStall
                0x08001f98       0x6a build/stm32f4xx_ll_usb.o
                0x08001f98                USB_EPClearStall
 .text.USB_SetDevAddress
                0x08002002       0x20 build/stm32f4xx_ll_usb.o
                0x08002002                USB_SetDevAddress
 .text.USB_DevConnect
                0x08002022       0x18 build/stm32f4xx_ll_usb.o
                0x08002022                USB_DevConnect
 .text.USB_DevDisconnect
                0x0800203a       0x18 build/stm32f4xx_ll_usb.o
                0x0800203a                USB_DevDisconnect
 .text.USB_ReadInterrupts
                0x08002052        0x8 build/stm32f4xx_ll_usb.o
                0x08002052                USB_ReadInterrupts
 .text.USB_ReadDevAllOutEpInterrupt
                0x0800205a       0x10 build/stm32f4xx_ll_usb.o
                0x0800205a                USB_ReadDevAllOutEpInterrupt
 .text.USB_ReadDevAllInEpInterrupt
                0x0800206a       0x10 build/stm32f4xx_ll_usb.o
                0x0800206a                USB_ReadDevAllInEpInterrupt
 .text.USB_ReadDevOutEPInterrupt
                0x0800207a       0x12 build/stm32f4xx_ll_usb.o
                0x0800207a                USB_ReadDevOutEPInterrupt
 .text.USB_ReadDevInEPInterrupt
                0x0800208c       0x24 build/stm32f4xx_ll_usb.o
                0x0800208c                USB_ReadDevInEPInterrupt
 .text.USB_GetMode
                0x080020b0        0x8 build/stm32f4xx_ll_usb.o
                0x080020b0                USB_GetMode
 .text.USB_ActivateSetup
                0x080020b8       0x38 build/stm32f4xx_ll_usb.o
                0x080020b8                USB_ActivateSetup
 .text.USB_EP0_OutStart
                0x080020f0       0x46 build/stm32f4xx_ll_usb.o
                0x080020f0                USB_EP0_OutStart
 *fill*         0x08002136        0x2 
 .text.USB_CoreReset
                0x08002138       0x3c build/stm32f4xx_ll_usb.o
 .text.HAL_RCC_OscConfig
                0x08002174      0x398 build/stm32f4xx_hal_rcc.o
                0x08002174                HAL_RCC_OscConfig
 .text.HAL_RCC_GetSysClockFreq
                0x0800250c       0xd8 build/stm32f4xx_hal_rcc.o
                0x0800250c                HAL_RCC_GetSysClockFreq
 .text.HAL_RCC_ClockConfig
                0x080025e4      0x158 build/stm32f4xx_hal_rcc.o
                0x080025e4                HAL_RCC_ClockConfig
 .text.HAL_RCC_GetHCLKFreq
                0x0800273c        0xc build/stm32f4xx_hal_rcc.o
                0x0800273c                HAL_RCC_GetHCLKFreq
 .text.FLASH_Program_DoubleWord
                0x08002748       0x2c build/stm32f4xx_hal_flash.o
 .text.FLASH_Program_Word
                0x08002774       0x24 build/stm32f4xx_hal_flash.o
 .text.FLASH_Program_HalfWord
                0x08002798       0x24 build/stm32f4xx_hal_flash.o
 .text.FLASH_Program_Byte
                0x080027bc       0x20 build/stm32f4xx_hal_flash.o
 .text.FLASH_SetErrorCode
                0x080027dc       0x8c build/stm32f4xx_hal_flash.o
 .text.HAL_FLASH_Unlock
                0x08002868       0x30 build/stm32f4xx_hal_flash.o
                0x08002868                HAL_FLASH_Unlock
 .text.HAL_FLASH_Lock
                0x08002898       0x14 build/stm32f4xx_hal_flash.o
                0x08002898                HAL_FLASH_Lock
 .text.FLASH_WaitForLastOperation
                0x080028ac       0x64 build/stm32f4xx_hal_flash.o
                0x080028ac                FLASH_WaitForLastOperation
 .text.HAL_FLASH_Program
                0x08002910       0x80 build/stm32f4xx_hal_flash.o
                0x08002910                HAL_FLASH_Program
 .text.FLASH_MassErase
                0x08002990       0x24 build/stm32f4xx_hal_flash_ex.o
 .text.FLASH_Erase_Sector
                0x080029b4       0x58 build/stm32f4xx_hal_flash_ex.o
                0x080029b4                FLASH_Erase_Sector
 .text.FLASH_FlushCaches
                0x08002a0c       0x60 build/stm32f4xx_hal_flash_ex.o
                0x08002a0c                FLASH_FlushCaches
 .text.HAL_FLASHEx_Erase
                0x08002a6c       0x94 build/stm32f4xx_hal_flash_ex.o
                0x08002a6c                HAL_FLASHEx_Erase
 .text.HAL_GPIO_Init
                0x08002b00      0x1c8 build/stm32f4xx_hal_gpio.o
                0x08002b00                HAL_GPIO_Init
 .text.HAL_GPIO_ReadPin
                0x08002cc8        0xe build/stm32f4xx_hal_gpio.o
                0x08002cc8                HAL_GPIO_ReadPin
 .text.HAL_GPIO_WritePin
                0x08002cd6        0xc build/stm32f4xx_hal_gpio.o
                0x08002cd6                HAL_GPIO_WritePin
 *fill*         0x08002ce2        0x2 
 .text.HAL_PWR_EnableBkUpAccess
                0x08002ce4        0xc build/stm32f4xx_hal_pwr.o
                0x08002ce4                HAL_PWR_EnableBkUpAccess
 .text.HAL_NVIC_SetPriorityGrouping
                0x08002cf0       0x24 build/stm32f4xx_hal_cortex.o
                0x08002cf0                HAL_NVIC_SetPriorityGrouping
 .text.HAL_NVIC_SetPriority
                0x08002d14       0x68 build/stm32f4xx_hal_cortex.o
                0x08002d14                HAL_NVIC_SetPriority
 .text.HAL_NVIC_EnableIRQ
                0x08002d7c       0x18 build/stm32f4xx_hal_cortex.o
                0x08002d7c                HAL_NVIC_EnableIRQ
 .text.HAL_NVIC_SystemReset
                0x08002d94       0x24 build/stm32f4xx_hal_cortex.o
                0x08002d94                HAL_NVIC_SystemReset
 .text.HAL_SYSTICK_Config
                0x08002db8       0x2c build/stm32f4xx_hal_cortex.o
                0x08002db8                HAL_SYSTICK_Config
 .text.HAL_SYSTICK_CLKSourceConfig
                0x08002de4       0x20 build/stm32f4xx_hal_cortex.o
                0x08002de4                HAL_SYSTICK_CLKSourceConfig
 .text.HAL_SYSTICK_Callback
                0x08002e04        0x2 build/stm32f4xx_hal_cortex.o
                0x08002e04                HAL_SYSTICK_Callback
 .text.HAL_SYSTICK_IRQHandler
                0x08002e06        0x8 build/stm32f4xx_hal_cortex.o
                0x08002e06                HAL_SYSTICK_IRQHandler
 *fill*         0x08002e0e        0x2 
 .text.HAL_InitTick
                0x08002e10       0x4c build/stm32f4xx_hal.o
                0x08002e10                HAL_InitTick
 .text.HAL_Init
                0x08002e5c       0x34 build/stm32f4xx_hal.o
                0x08002e5c                HAL_Init
 .text.HAL_IncTick
                0x08002e90       0x18 build/stm32f4xx_hal.o
                0x08002e90                HAL_IncTick
 .text.HAL_GetTick
                0x08002ea8        0xc build/stm32f4xx_hal.o
                0x08002ea8                HAL_GetTick
 .text.HAL_Delay
                0x08002eb4       0x28 build/stm32f4xx_hal.o
                0x08002eb4                HAL_Delay
 .text.SystemInit
                0x08002edc       0x4c build/system_stm32f4xx.o
                0x08002edc                SystemInit
 .text.USBD_Init
                0x08002f28       0x2e build/usbd_core.o
                0x08002f28                USBD_Init
 .text.USBD_RegisterClass
                0x08002f56        0xe build/usbd_core.o
                0x08002f56                USBD_RegisterClass
 .text.USBD_Start
                0x08002f64        0xa build/usbd_core.o
                0x08002f64                USBD_Start
 .text.USBD_SetClassConfig
                0x08002f6e       0x1a build/usbd_core.o
                0x08002f6e                USBD_SetClassConfig
 .text.USBD_ClrClassConfig
                0x08002f88        0xe build/usbd_core.o
                0x08002f88                USBD_ClrClassConfig
 .text.USBD_LL_SetupStage
                0x08002f96       0x5a build/usbd_core.o
                0x08002f96                USBD_LL_SetupStage
 .text.USBD_LL_DataOutStage
                0x08002ff0       0x6a build/usbd_core.o
                0x08002ff0                USBD_LL_DataOutStage
 .text.USBD_LL_DataInStage
                0x0800305a       0xb0 build/usbd_core.o
                0x0800305a                USBD_LL_DataInStage
 .text.USBD_LL_Reset
                0x0800310a       0x3e build/usbd_core.o
                0x0800310a                USBD_LL_Reset
 .text.USBD_LL_SetSpeed
                0x08003148        0x6 build/usbd_core.o
                0x08003148                USBD_LL_SetSpeed
 .text.USBD_LL_Suspend
                0x0800314e       0x12 build/usbd_core.o
                0x0800314e                USBD_LL_Suspend
 .text.USBD_LL_Resume
                0x08003160        0xc build/usbd_core.o
                0x08003160                USBD_LL_Resume
 .text.USBD_LL_SOF
                0x0800316c       0x1c build/usbd_core.o
                0x0800316c                USBD_LL_SOF
 .text.USBD_LL_IsoINIncomplete
                0x08003188        0x4 build/usbd_core.o
                0x08003188                USBD_LL_IsoINIncomplete
 .text.USBD_LL_IsoOUTIncomplete
                0x0800318c        0x4 build/usbd_core.o
                0x0800318c                USBD_LL_IsoOUTIncomplete
 .text.USBD_LL_DevConnected
                0x08003190        0x4 build/usbd_core.o
                0x08003190                USBD_LL_DevConnected
 .text.USBD_LL_DevDisconnected
                0x08003194       0x16 build/usbd_core.o
                0x08003194                USBD_LL_DevDisconnected
 .text.USBD_GetLen
                0x080031aa       0x14 build/usbd_ctlreq.o
 .text.USBD_SetFeature
                0x080031be       0x20 build/usbd_ctlreq.o
 .text.USBD_ParseSetupRequest
                0x080031de       0x28 build/usbd_ctlreq.o
                0x080031de                USBD_ParseSetupRequest
 .text.USBD_CtlError
                0x08003206       0x14 build/usbd_ctlreq.o
                0x08003206                USBD_CtlError
 .text.USBD_GetDescriptor
                0x0800321a      0x132 build/usbd_ctlreq.o
 .text.USBD_SetAddress
                0x0800334c       0x4a build/usbd_ctlreq.o
 *fill*         0x08003396        0x2 
 .text.USBD_SetConfig
                0x08003398       0xa4 build/usbd_ctlreq.o
 .text.USBD_GetConfig
                0x0800343c       0x3a build/usbd_ctlreq.o
 .text.USBD_GetStatus
                0x08003476       0x2c build/usbd_ctlreq.o
 .text.USBD_ClrFeature
                0x080034a2       0x30 build/usbd_ctlreq.o
 .text.USBD_StdDevReq
                0x080034d2       0x48 build/usbd_ctlreq.o
                0x080034d2                USBD_StdDevReq
 .text.USBD_StdItfReq
                0x0800351a       0x38 build/usbd_ctlreq.o
                0x0800351a                USBD_StdItfReq
 .text.USBD_StdEPReq
                0x08003552      0x118 build/usbd_ctlreq.o
                0x08003552                USBD_StdEPReq
 .text.USBD_GetString
                0x0800366a       0x3a build/usbd_ctlreq.o
                0x0800366a                USBD_GetString
 .text.USBD_CtlSendData
                0x080036a4       0x1a build/usbd_ioreq.o
                0x080036a4                USBD_CtlSendData
 .text.USBD_CtlContinueSendData
                0x080036be       0x10 build/usbd_ioreq.o
                0x080036be                USBD_CtlContinueSendData
 .text.USBD_CtlPrepareRx
                0x080036ce       0x1e build/usbd_ioreq.o
                0x080036ce                USBD_CtlPrepareRx
 .text.USBD_CtlContinueRx
                0x080036ec       0x10 build/usbd_ioreq.o
                0x080036ec                USBD_CtlContinueRx
 .text.USBD_CtlSendStatus
                0x080036fc       0x16 build/usbd_ioreq.o
                0x080036fc                USBD_CtlSendStatus
 .text.USBD_CtlReceiveStatus
                0x08003712       0x16 build/usbd_ioreq.o
                0x08003712                USBD_CtlReceiveStatus
 .text.USBD_CUSTOM_HID_GetCfgDesc
                0x08003728        0xc build/usbd_customhid.o
 .text.USBD_CUSTOM_HID_DataIn
                0x08003734        0xc build/usbd_customhid.o
 .text.USBD_CUSTOM_HID_EP0_RxReady
                0x08003740       0x20 build/usbd_customhid.o
 .text.USBD_CUSTOM_HID_GetDeviceQualifierDesc
                0x08003760        0xc build/usbd_customhid.o
 .text.USBD_CUSTOM_HID_DataOut
                0x0800376c       0x24 build/usbd_customhid.o
 .text.USBD_CUSTOM_HID_Setup
                0x08003790       0xd4 build/usbd_customhid.o
 .text.USBD_CUSTOM_HID_DeInit
                0x08003864       0x32 build/usbd_customhid.o
 .text.USBD_CUSTOM_HID_Init
                0x08003896       0x4a build/usbd_customhid.o
 .text.USBD_CUSTOM_HID_SendReport
                0x080038e0       0x2c build/usbd_customhid.o
                0x080038e0                USBD_CUSTOM_HID_SendReport
 .text.USBD_CUSTOM_HID_RegisterInterface
                0x0800390c        0xe build/usbd_customhid.o
                0x0800390c                USBD_CUSTOM_HID_RegisterInterface
 *fill*         0x0800391a        0x2 
 .text.Reset_Handler
                0x0800391c       0x50 build/startup_stm32f407xx.o
                0x0800391c                Reset_Handler
 .text.Default_Handler
                0x0800396c        0x2 build/startup_stm32f407xx.o
                0x0800396c                RTC_Alarm_IRQHandler
                0x0800396c                HASH_RNG_IRQHandler
                0x0800396c                EXTI2_IRQHandler
                0x0800396c                TIM8_CC_IRQHandler
                0x0800396c                TIM1_CC_IRQHandler
                0x0800396c                DMA2_Stream5_IRQHandler
                0x0800396c                DMA1_Stream5_IRQHandler
                0x0800396c                PVD_IRQHandler
                0x0800396c                SDIO_IRQHandler
                0x0800396c                TAMP_STAMP_IRQHandler
                0x0800396c                CAN2_RX1_IRQHandler
                0x0800396c                EXTI3_IRQHandler
                0x0800396c                TIM8_TRG_COM_TIM14_IRQHandler
                0x0800396c                TIM1_UP_TIM10_IRQHandler
                0x0800396c                TIM8_UP_TIM13_IRQHandler
                0x0800396c                I2C3_ER_IRQHandler
                0x0800396c                EXTI0_IRQHandler
                0x0800396c                I2C2_EV_IRQHandler
                0x0800396c                DMA1_Stream2_IRQHandler
                0x0800396c                CAN1_RX0_IRQHandler
                0x0800396c                FPU_IRQHandler
                0x0800396c                OTG_HS_WKUP_IRQHandler
                0x0800396c                CAN2_SCE_IRQHandler
                0x0800396c                DMA2_Stream2_IRQHandler
                0x0800396c                SPI1_IRQHandler
                0x0800396c                TIM6_DAC_IRQHandler
                0x0800396c                TIM1_BRK_TIM9_IRQHandler
                0x0800396c                DCMI_IRQHandler
                0x0800396c                CAN2_RX0_IRQHandler
                0x0800396c                DMA2_Stream3_IRQHandler
                0x0800396c                USART6_IRQHandler
                0x0800396c                USART3_IRQHandler
                0x0800396c                CAN1_RX1_IRQHandler
                0x0800396c                UART5_IRQHandler
                0x0800396c                DMA2_Stream0_IRQHandler
                0x0800396c                TIM4_IRQHandler
                0x0800396c                I2C1_EV_IRQHandler
                0x0800396c                DMA1_Stream6_IRQHandler
                0x0800396c                DMA1_Stream1_IRQHandler
                0x0800396c                UART4_IRQHandler
                0x0800396c                TIM3_IRQHandler
                0x0800396c                RCC_IRQHandler
                0x0800396c                TIM8_BRK_TIM12_IRQHandler
                0x0800396c                Default_Handler
                0x0800396c                EXTI15_10_IRQHandler
                0x0800396c                ADC_IRQHandler
                0x0800396c                DMA1_Stream7_IRQHandler
                0x0800396c                TIM7_IRQHandler
                0x0800396c                CAN2_TX_IRQHandler
                0x0800396c                TIM5_IRQHandler
                0x0800396c                DMA2_Stream7_IRQHandler
                0x0800396c                I2C3_EV_IRQHandler
                0x0800396c                EXTI9_5_IRQHandler
                0x0800396c                RTC_WKUP_IRQHandler
                0x0800396c                ETH_WKUP_IRQHandler
                0x0800396c                SPI2_IRQHandler
                0x0800396c                OTG_HS_EP1_IN_IRQHandler
                0x0800396c                DMA1_Stream0_IRQHandler
                0x0800396c                CAN1_TX_IRQHandler
                0x0800396c                EXTI4_IRQHandler
                0x0800396c                FSMC_IRQHandler
                0x0800396c                ETH_IRQHandler
                0x0800396c                OTG_HS_EP1_OUT_IRQHandler
                0x0800396c                WWDG_IRQHandler
                0x0800396c                TIM2_IRQHandler
                0x0800396c                OTG_FS_WKUP_IRQHandler
                0x0800396c                TIM1_TRG_COM_TIM11_IRQHandler
                0x0800396c                OTG_HS_IRQHandler
                0x0800396c                EXTI1_IRQHandler
                0x0800396c                USART2_IRQHandler
                0x0800396c                I2C2_ER_IRQHandler
                0x0800396c                DMA2_Stream1_IRQHandler
                0x0800396c                CAN1_SCE_IRQHandler
                0x0800396c                FLASH_IRQHandler
                0x0800396c                DMA2_Stream4_IRQHandler
                0x0800396c                USART1_IRQHandler
                0x0800396c                SPI3_IRQHandler
                0x0800396c                DMA1_Stream4_IRQHandler
                0x0800396c                I2C1_ER_IRQHandler
                0x0800396c                DMA2_Stream6_IRQHandler
                0x0800396c                DMA1_Stream3_IRQHandler
 *fill*         0x0800396e        0x2 
 .text.__libc_init_array
                0x08003970       0x48 c:/program files (x86)/gnu tools arm embedded/7 2017-q4-major/bin/../lib/gcc/arm-none-eabi/7.2.1/../../../../arm-none-eabi/lib/thumb/v7e-m/fpv4-sp/hard\libc_nano.a(lib_a-init.o)
                0x08003970                __libc_init_array
 .text.malloc   0x080039b8       0x10 c:/program files (x86)/gnu tools arm embedded/7 2017-q4-major/bin/../lib/gcc/arm-none-eabi/7.2.1/../../../../arm-none-eabi/lib/thumb/v7e-m/fpv4-sp/hard\libc_nano.a(lib_a-malloc.o)
                0x080039b8                malloc
 .text.free     0x080039c8       0x10 c:/program files (x86)/gnu tools arm embedded/7 2017-q4-major/bin/../lib/gcc/arm-none-eabi/7.2.1/../../../../arm-none-eabi/lib/thumb/v7e-m/fpv4-sp/hard\libc_nano.a(lib_a-malloc.o)
                0x080039c8                free
 .text.memcmp   0x080039d8       0x1e c:/program files (x86)/gnu tools arm embedded/7 2017-q4-major/bin/../lib/gcc/arm-none-eabi/7.2.1/../../../../arm-none-eabi/lib/thumb/v7e-m/fpv4-sp/hard\libc_nano.a(lib_a-memcmp.o)
                0x080039d8                memcmp
 *fill*         0x080039f6        0x2 
 .text._free_r  0x080039f8       0x9c c:/program files (x86)/gnu tools arm embedded/7 2017-q4-major/bin/../lib/gcc/arm-none-eabi/7.2.1/../../../../arm-none-eabi/lib/thumb/v7e-m/fpv4-sp/hard\libc_nano.a(lib_a-nano-freer.o)
                0x080039f8                _free_r
 .text._malloc_r
                0x08003a94       0xb4 c:/program files (x86)/gnu tools arm embedded/7 2017-q4-major/bin/../lib/gcc/arm-none-eabi/7.2.1/../../../../arm-none-eabi/lib/thumb/v7e-m/fpv4-sp/hard\libc_nano.a(lib_a-nano-mallocr.o)
                0x08003a94                _malloc_r
 .text._sbrk_r  0x08003b48       0x20 c:/program files (x86)/gnu tools arm embedded/7 2017-q4-major/bin/../lib/gcc/arm-none-eabi/7.2.1/../../../../arm-none-eabi/lib/thumb/v7e-m/fpv4-sp/hard\libc_nano.a(lib_a-sbrkr.o)
                0x08003b48                _sbrk_r
 .text.__malloc_lock
                0x08003b68        0x2 c:/program files (x86)/gnu tools arm embedded/7 2017-q4-major/bin/../lib/gcc/arm-none-eabi/7.2.1/../../../../arm-none-eabi/lib/thumb/v7e-m/fpv4-sp/hard\libc_nano.a(lib_a-mlock.o)
                0x08003b68                __malloc_lock
 .text.__malloc_unlock
                0x08003b6a        0x2 c:/program files (x86)/gnu tools arm embedded/7 2017-q4-major/bin/../lib/gcc/arm-none-eabi/7.2.1/../../../../arm-none-eabi/lib/thumb/v7e-m/fpv4-sp/hard\libc_nano.a(lib_a-mlock.o)
                0x08003b6a                __malloc_unlock
 .text._sbrk    0x08003b6c       0x1c c:/program files (x86)/gnu tools arm embedded/7 2017-q4-major/bin/../lib/gcc/arm-none-eabi/7.2.1/../../../../arm-none-eabi/lib/thumb/v7e-m/fpv4-sp/hard\libnosys.a(sbrk.o)
                0x08003b6c                _sbrk
 *(.glue_7)
 .glue_7        0x08003b88        0x0 linker stubs
 *(.glue_7t)
 .glue_7t       0x08003b88        0x0 linker stubs
 *(.eh_frame)
 .eh_frame      0x08003b88        0x0 c:/program files (x86)/gnu tools arm embedded/7 2017-q4-major/bin/../lib/gcc/arm-none-eabi/7.2.1/thumb/v7e-m/fpv4-sp/hard/crtbegin.o
 *(.init)
 .init          0x08003b88        0x4 c:/program files (x86)/gnu tools arm embedded/7 2017-q4-major/bin/../lib/gcc/arm-none-eabi/7.2.1/thumb/v7e-m/fpv4-sp/hard/crti.o
                0x08003b88                _init
 .init          0x08003b8c        0x8 c:/program files (x86)/gnu tools arm embedded/7 2017-q4-major/bin/../lib/gcc/arm-none-eabi/7.2.1/thumb/v7e-m/fpv4-sp/hard/crtn.o
 *(.fini)
 .fini          0x08003b94        0x4 c:/program files (x86)/gnu tools arm embedded/7 2017-q4-major/bin/../lib/gcc/arm-none-eabi/7.2.1/thumb/v7e-m/fpv4-sp/hard/crti.o
                0x08003b94                _fini
 .fini          0x08003b98        0x8 c:/program files (x86)/gnu tools arm embedded/7 2017-q4-major/bin/../lib/gcc/arm-none-eabi/7.2.1/thumb/v7e-m/fpv4-sp/hard/crtn.o
                0x08003ba0                . = ALIGN (0x4)
                0x08003ba0                _etext = .

.vfp11_veneer   0x08003ba0        0x0
 .vfp11_veneer  0x08003ba0        0x0 linker stubs

.v4_bx          0x08003ba0        0x0
 .v4_bx         0x08003ba0        0x0 linker stubs

.iplt           0x08003ba0        0x0
 .iplt          0x08003ba0        0x0 c:/program files (x86)/gnu tools arm embedded/7 2017-q4-major/bin/../lib/gcc/arm-none-eabi/7.2.1/thumb/v7e-m/fpv4-sp/hard/crtbegin.o

.rodata         0x08003ba0       0xa0
                0x08003ba0                . = ALIGN (0x4)
 *(.rodata)
 *(.rodata*)
 .rodata.SystemClock_Config.str1.4
                0x08003ba0        0xb build/main.o
 *fill*         0x08003bab        0x1 
 .rodata.USBD_LL_Init.str1.4
                0x08003bac       0x10 build/usbd_conf.o
 .rodata.USBD_FS_ConfigStrDescriptor.str1.4
                0x08003bbc       0x1c build/usbd_desc.o
 .rodata.USBD_FS_InterfaceStrDescriptor.str1.4
                0x08003bd8       0x1f build/usbd_desc.o
 *fill*         0x08003bf7        0x1 
 .rodata.USBD_FS_ManufacturerStrDescriptor.str1.4
                0x08003bf8       0x11 build/usbd_desc.o
 *fill*         0x08003c09        0x3 
 .rodata.USBD_FS_ProductStrDescriptor.str1.4
                0x08003c0c       0x15 build/usbd_desc.o
 *fill*         0x08003c21        0x3 
 .rodata.USBD_FS_SerialStrDescriptor.str1.4
                0x08003c24        0xc build/usbd_desc.o
                                  0xb (size before relaxing)
 .rodata.AHBPrescTable
                0x08003c30       0x10 build/system_stm32f4xx.o
                0x08003c30                AHBPrescTable
                0x08003c40                . = ALIGN (0x4)

.ARM.extab
 *(.ARM.extab* .gnu.linkonce.armextab.*)

.ARM            0x08003c40        0x8
                0x08003c40                __exidx_start = .
 *(.ARM.exidx*)
 .ARM.exidx     0x08003c40        0x8 c:/program files (x86)/gnu tools arm embedded/7 2017-q4-major/bin/../lib/gcc/arm-none-eabi/7.2.1/thumb/v7e-m/fpv4-sp/hard\libgcc.a(_udivmoddi4.o)
                0x08003c48                __exidx_end = .

.rel.dyn        0x08003c48        0x0
 .rel.iplt      0x08003c48        0x0 c:/program files (x86)/gnu tools arm embedded/7 2017-q4-major/bin/../lib/gcc/arm-none-eabi/7.2.1/thumb/v7e-m/fpv4-sp/hard/crtbegin.o

.preinit_array  0x08003c48        0x0
                0x08003c48                PROVIDE (__preinit_array_start, .)
 *(.preinit_array*)
                0x08003c48                PROVIDE (__preinit_array_end, .)

.init_array     0x08003c48        0x4
                0x08003c48                PROVIDE (__init_array_start, .)
 *(SORT_BY_NAME(.init_array.*))
 *(.init_array*)
 .init_array    0x08003c48        0x4 c:/program files (x86)/gnu tools arm embedded/7 2017-q4-major/bin/../lib/gcc/arm-none-eabi/7.2.1/thumb/v7e-m/fpv4-sp/hard/crtbegin.o
                0x08003c4c                PROVIDE (__init_array_end, .)

.fini_array     0x08003c4c        0x4
                [!provide]                PROVIDE (__fini_array_start, .)
 *(SORT_BY_NAME(.fini_array.*))
 *(.fini_array*)
 .fini_array    0x08003c4c        0x4 c:/program files (x86)/gnu tools arm embedded/7 2017-q4-major/bin/../lib/gcc/arm-none-eabi/7.2.1/thumb/v7e-m/fpv4-sp/hard/crtbegin.o
                [!provide]                PROVIDE (__fini_array_end, .)
                0x08003c50                _sidata = LOADADDR (.data)

.data           0x20000000      0x15c load address 0x08003c50
                0x20000000                . = ALIGN (0x4)
                0x20000000                _sdata = .
 *(.data)
 *(.data*)
 .data.CMD_DATA_RECEIVED
                0x20000000        0x8 build/main.o
 .data.CMD_SIGNATURE
                0x20000008        0x7 build/main.o
 *fill*         0x2000000f        0x1 
 .data.current_Page.9361
                0x20000010        0x4 build/main.o
 .data.erase_page
                0x20000014        0x2 build/main.o
                0x20000014                erase_page
 *fill*         0x20000016        0x2 
 .data.FS_Desc  0x20000018       0x1c build/usbd_desc.o
                0x20000018                FS_Desc
 .data.USBD_FS_DeviceDesc
                0x20000034       0x12 build/usbd_desc.o
                0x20000034                USBD_FS_DeviceDesc
 *fill*         0x20000046        0x2 
 .data.USBD_LangIDDesc
                0x20000048        0x4 build/usbd_desc.o
                0x20000048                USBD_LangIDDesc
 .data.CUSTOM_HID_ReportDesc_FS
                0x2000004c       0x14 build/usbd_custom_hid_if.o
 .data.USBD_CustomHID_fops_FS
                0x20000060       0x10 build/usbd_custom_hid_if.o
                0x20000060                USBD_CustomHID_fops_FS
 .data.uwTickFreq
                0x20000070        0x1 build/stm32f4xx_hal.o
                0x20000070                uwTickFreq
 *fill*         0x20000071        0x3 
 .data.uwTickPrio
                0x20000074        0x4 build/stm32f4xx_hal.o
                0x20000074                uwTickPrio
 .data.SystemCoreClock
                0x20000078        0x4 build/system_stm32f4xx.o
                0x20000078                SystemCoreClock
 .data.USBD_CUSTOM_HID
                0x2000007c       0x38 build/usbd_customhid.o
                0x2000007c                USBD_CUSTOM_HID
 .data.USBD_CUSTOM_HID_CfgDesc
                0x200000b4       0x29 build/usbd_customhid.o
 *fill*         0x200000dd        0x3 
 .data.USBD_CUSTOM_HID_Desc
                0x200000e0        0x9 build/usbd_customhid.o
 *fill*         0x200000e9        0x3 
 .data.USBD_CUSTOM_HID_DeviceQualifierDesc
                0x200000ec        0xa build/usbd_customhid.o
 *fill*         0x200000f6        0x2 
 .data._impure_ptr
                0x200000f8        0x4 c:/program files (x86)/gnu tools arm embedded/7 2017-q4-major/bin/../lib/gcc/arm-none-eabi/7.2.1/../../../../arm-none-eabi/lib/thumb/v7e-m/fpv4-sp/hard\libc_nano.a(lib_a-impure.o)
                0x200000f8                _impure_ptr
 .data.impure_data
                0x200000fc       0x60 c:/program files (x86)/gnu tools arm embedded/7 2017-q4-major/bin/../lib/gcc/arm-none-eabi/7.2.1/../../../../arm-none-eabi/lib/thumb/v7e-m/fpv4-sp/hard\libc_nano.a(lib_a-impure.o)
                0x2000015c                . = ALIGN (0x4)
                0x2000015c                _edata = .
                0x08003dac                _siccmram = LOADADDR (.ccmram)

.igot.plt       0x2000015c        0x0 load address 0x08003dac
 .igot.plt      0x2000015c        0x0 c:/program files (x86)/gnu tools arm embedded/7 2017-q4-major/bin/../lib/gcc/arm-none-eabi/7.2.1/thumb/v7e-m/fpv4-sp/hard/crtbegin.o

.ccmram         0x10000000        0x0 load address 0x08003dac
                0x10000000                . = ALIGN (0x4)
                0x10000000                _sccmram = .
 *(.ccmram)
 *(.ccmram*)
                0x10000000                . = ALIGN (0x4)
                0x10000000                _eccmram = .
                0x10000000                . = ALIGN (0x4)

.bss            0x2000015c      0xcb8
                0x2000015c                _sbss = .
                0x2000015c                __bss_start__ = _sbss
 *(.bss)
 .bss           0x2000015c       0x1c c:/program files (x86)/gnu tools arm embedded/7 2017-q4-major/bin/../lib/gcc/arm-none-eabi/7.2.1/thumb/v7e-m/fpv4-sp/hard/crtbegin.o
 *(.bss*)
 .bss.currentPageOffset.9362
                0x20000178        0x2 build/main.o
 .bss.new_data_is_received
                0x2000017a        0x1 build/main.o
                0x2000017a                new_data_is_received
 *fill*         0x2000017b        0x1 
 .bss.pageData  0x2000017c      0x400 build/main.o
 .bss.cfgidx.9569
                0x2000057c        0x1 build/usbd_ctlreq.o
 *fill*         0x2000057d        0x3 
 .bss.__malloc_free_list
                0x20000580        0x4 c:/program files (x86)/gnu tools arm embedded/7 2017-q4-major/bin/../lib/gcc/arm-none-eabi/7.2.1/../../../../arm-none-eabi/lib/thumb/v7e-m/fpv4-sp/hard\libc_nano.a(lib_a-nano-mallocr.o)
                0x20000580                __malloc_free_list
 .bss.__malloc_sbrk_start
                0x20000584        0x4 c:/program files (x86)/gnu tools arm embedded/7 2017-q4-major/bin/../lib/gcc/arm-none-eabi/7.2.1/../../../../arm-none-eabi/lib/thumb/v7e-m/fpv4-sp/hard\libc_nano.a(lib_a-nano-mallocr.o)
                0x20000584                __malloc_sbrk_start
 .bss.heap_end.5377
                0x20000588        0x4 c:/program files (x86)/gnu tools arm embedded/7 2017-q4-major/bin/../lib/gcc/arm-none-eabi/7.2.1/../../../../arm-none-eabi/lib/thumb/v7e-m/fpv4-sp/hard\libnosys.a(sbrk.o)
 *(COMMON)
 COMMON         0x2000058c       0x4c build/main.o
                0x2000058c                USB_RX_Buffer
                0x200005cc                magic_val
                0x200005d0                USB_TX_Buffer
 COMMON         0x200005d8      0x224 build/usb_device.o
                0x200005d8                hUsbDeviceFS
 COMMON         0x200007fc      0x3f0 build/usbd_conf.o
                0x200007fc                hpcd_USB_OTG_FS
 COMMON         0x20000bec      0x200 build/usbd_desc.o
                0x20000bec                USBD_StrDesc
 COMMON         0x20000dec       0x20 build/stm32f4xx_hal_flash.o
                0x20000dec                pFlash
 COMMON         0x20000e0c        0x4 build/stm32f4xx_hal.o
                0x20000e0c                uwTick
 COMMON         0x20000e10        0x4 c:/program files (x86)/gnu tools arm embedded/7 2017-q4-major/bin/../lib/gcc/arm-none-eabi/7.2.1/../../../../arm-none-eabi/lib/thumb/v7e-m/fpv4-sp/hard\libc_nano.a(lib_a-reent.o)
                0x20000e10                errno
                0x20000e14                . = ALIGN (0x4)
                0x20000e14                _ebss = .
                0x20000e14                __bss_end__ = _ebss

._user_heap_stack
                0x20000e14      0x604
                0x20000e18                . = ALIGN (0x8)
 *fill*         0x20000e14        0x4 
                0x20000e18                PROVIDE (end, .)
                [!provide]                PROVIDE (_end, .)
                0x20001018                . = (. + _Min_Heap_Size)
 *fill*         0x20000e18      0x200 
                0x20001418                . = (. + _Min_Stack_Size)
 *fill*         0x20001018      0x400 
                0x20001418                . = ALIGN (0x8)

/DISCARD/
 libc.a(*)
 libm.a(*)
 libgcc.a(*)

.ARM.attributes
                0x00000000       0x30
 *(.ARM.attributes)
 .ARM.attributes
                0x00000000       0x22 c:/program files (x86)/gnu tools arm embedded/7 2017-q4-major/bin/../lib/gcc/arm-none-eabi/7.2.1/thumb/v7e-m/fpv4-sp/hard/crti.o
 .ARM.attributes
                0x00000022       0x34 c:/program files (x86)/gnu tools arm embedded/7 2017-q4-major/bin/../lib/gcc/arm-none-eabi/7.2.1/thumb/v7e-m/fpv4-sp/hard/crtbegin.o
 .ARM.attributes
                0x00000056       0x39 build/main.o
 .ARM.attributes
                0x0000008f       0x39 build/usb_device.o
 .ARM.attributes
                0x000000c8       0x39 build/usbd_conf.o
 .ARM.attributes
                0x00000101       0x39 build/usbd_desc.o
 .ARM.attributes
                0x0000013a       0x39 build/usbd_custom_hid_if.o
 .ARM.attributes
                0x00000173       0x39 build/stm32f4xx_it.o
 .ARM.attributes
                0x000001ac       0x39 build/stm32f4xx_hal_msp.o
 .ARM.attributes
                0x000001e5       0x39 build/stm32f4xx_hal_pcd.o
 .ARM.attributes
                0x0000021e       0x39 build/stm32f4xx_hal_pcd_ex.o
 .ARM.attributes
                0x00000257       0x39 build/stm32f4xx_ll_usb.o
 .ARM.attributes
                0x00000290       0x39 build/stm32f4xx_hal_rcc.o
 .ARM.attributes
                0x000002c9       0x39 build/stm32f4xx_hal_flash.o
 .ARM.attributes
                0x00000302       0x39 build/stm32f4xx_hal_flash_ex.o
 .ARM.attributes
                0x0000033b       0x39 build/stm32f4xx_hal_gpio.o
 .ARM.attributes
                0x00000374       0x39 build/stm32f4xx_hal_pwr.o
 .ARM.attributes
                0x000003ad       0x39 build/stm32f4xx_hal_cortex.o
 .ARM.attributes
                0x000003e6       0x39 build/stm32f4xx_hal.o
 .ARM.attributes
                0x0000041f       0x39 build/system_stm32f4xx.o
 .ARM.attributes
                0x00000458       0x39 build/usbd_core.o
 .ARM.attributes
                0x00000491       0x39 build/usbd_ctlreq.o
 .ARM.attributes
                0x000004ca       0x39 build/usbd_ioreq.o
 .ARM.attributes
                0x00000503       0x39 build/usbd_customhid.o
 .ARM.attributes
                0x0000053c       0x21 build/startup_stm32f407xx.o
 .ARM.attributes
                0x0000055d       0x34 c:/program files (x86)/gnu tools arm embedded/7 2017-q4-major/bin/../lib/gcc/arm-none-eabi/7.2.1/../../../../arm-none-eabi/lib/thumb/v7e-m/fpv4-sp/hard\libc_nano.a(lib_a-impure.o)
 .ARM.attributes
                0x00000591       0x34 c:/program files (x86)/gnu tools arm embedded/7 2017-q4-major/bin/../lib/gcc/arm-none-eabi/7.2.1/../../../../arm-none-eabi/lib/thumb/v7e-m/fpv4-sp/hard\libc_nano.a(lib_a-init.o)
 .ARM.attributes
                0x000005c5       0x34 c:/program files (x86)/gnu tools arm embedded/7 2017-q4-major/bin/../lib/gcc/arm-none-eabi/7.2.1/../../../../arm-none-eabi/lib/thumb/v7e-m/fpv4-sp/hard\libc_nano.a(lib_a-malloc.o)
 .ARM.attributes
                0x000005f9       0x34 c:/program files (x86)/gnu tools arm embedded/7 2017-q4-major/bin/../lib/gcc/arm-none-eabi/7.2.1/../../../../arm-none-eabi/lib/thumb/v7e-m/fpv4-sp/hard\libc_nano.a(lib_a-memcmp.o)
 .ARM.attributes
                0x0000062d       0x34 c:/program files (x86)/gnu tools arm embedded/7 2017-q4-major/bin/../lib/gcc/arm-none-eabi/7.2.1/../../../../arm-none-eabi/lib/thumb/v7e-m/fpv4-sp/hard\libc_nano.a(lib_a-nano-freer.o)
 .ARM.attributes
                0x00000661       0x34 c:/program files (x86)/gnu tools arm embedded/7 2017-q4-major/bin/../lib/gcc/arm-none-eabi/7.2.1/../../../../arm-none-eabi/lib/thumb/v7e-m/fpv4-sp/hard\libc_nano.a(lib_a-nano-mallocr.o)
 .ARM.attributes
                0x00000695       0x34 c:/program files (x86)/gnu tools arm embedded/7 2017-q4-major/bin/../lib/gcc/arm-none-eabi/7.2.1/../../../../arm-none-eabi/lib/thumb/v7e-m/fpv4-sp/hard\libc_nano.a(lib_a-sbrkr.o)
 .ARM.attributes
                0x000006c9       0x34 c:/program files (x86)/gnu tools arm embedded/7 2017-q4-major/bin/../lib/gcc/arm-none-eabi/7.2.1/../../../../arm-none-eabi/lib/thumb/v7e-m/fpv4-sp/hard\libc_nano.a(lib_a-mlock.o)
 .ARM.attributes
                0x000006fd       0x34 c:/program files (x86)/gnu tools arm embedded/7 2017-q4-major/bin/../lib/gcc/arm-none-eabi/7.2.1/../../../../arm-none-eabi/lib/thumb/v7e-m/fpv4-sp/hard\libc_nano.a(lib_a-reent.o)
 .ARM.attributes
                0x00000731       0x34 c:/program files (x86)/gnu tools arm embedded/7 2017-q4-major/bin/../lib/gcc/arm-none-eabi/7.2.1/../../../../arm-none-eabi/lib/thumb/v7e-m/fpv4-sp/hard\libnosys.a(sbrk.o)
 .ARM.attributes
                0x00000765       0x22 c:/program files (x86)/gnu tools arm embedded/7 2017-q4-major/bin/../lib/gcc/arm-none-eabi/7.2.1/thumb/v7e-m/fpv4-sp/hard\libgcc.a(_aeabi_uldivmod.o)
 .ARM.attributes
                0x00000787       0x34 c:/program files (x86)/gnu tools arm embedded/7 2017-q4-major/bin/../lib/gcc/arm-none-eabi/7.2.1/thumb/v7e-m/fpv4-sp/hard\libgcc.a(_udivmoddi4.o)
 .ARM.attributes
                0x000007bb       0x22 c:/program files (x86)/gnu tools arm embedded/7 2017-q4-major/bin/../lib/gcc/arm-none-eabi/7.2.1/thumb/v7e-m/fpv4-sp/hard\libgcc.a(_dvmd_tls.o)
 .ARM.attributes
                0x000007dd       0x22 c:/program files (x86)/gnu tools arm embedded/7 2017-q4-major/bin/../lib/gcc/arm-none-eabi/7.2.1/thumb/v7e-m/fpv4-sp/hard/crtn.o
OUTPUT(build/HID_Bootloader_F4.elf elf32-littlearm)

.debug_info     0x00000000    0x1c728
 .debug_info    0x00000000     0x1c83 build/main.o
 .debug_info    0x00001c83      0xfda build/usb_device.o
 .debug_info    0x00002c5d     0x25a4 build/usbd_conf.o
 .debug_info    0x00005201      0xe87 build/usbd_desc.o
 .debug_info    0x00006088     0x10bd build/usbd_custom_hid_if.o
 .debug_info    0x00007145      0xf88 build/stm32f4xx_it.o
 .debug_info    0x000080cd      0xd60 build/stm32f4xx_hal_msp.o
 .debug_info    0x00008e2d     0x1f06 build/stm32f4xx_hal_pcd.o
 .debug_info    0x0000ad33      0xf2c build/stm32f4xx_hal_pcd_ex.o
 .debug_info    0x0000bc5f     0x21af build/stm32f4xx_ll_usb.o
 .debug_info    0x0000de0e     0x1418 build/stm32f4xx_hal_rcc.o
 .debug_info    0x0000f226     0x10b0 build/stm32f4xx_hal_flash.o
 .debug_info    0x000102d6     0x1181 build/stm32f4xx_hal_flash_ex.o
 .debug_info    0x00011457     0x110f build/stm32f4xx_hal_gpio.o
 .debug_info    0x00012566     0x11a3 build/stm32f4xx_hal_pwr.o
 .debug_info    0x00013709     0x1915 build/stm32f4xx_hal_cortex.o
 .debug_info    0x0001501e     0x138f build/stm32f4xx_hal.o
 .debug_info    0x000163ad      0xe82 build/system_stm32f4xx.o
 .debug_info    0x0001722f     0x167a build/usbd_core.o
 .debug_info    0x000188a9     0x180b build/usbd_ctlreq.o
 .debug_info    0x0001a0b4     0x1152 build/usbd_ioreq.o
 .debug_info    0x0001b206     0x1500 build/usbd_customhid.o
 .debug_info    0x0001c706       0x22 build/startup_stm32f407xx.o

.debug_abbrev   0x00000000     0x3bbd
 .debug_abbrev  0x00000000      0x345 build/main.o
 .debug_abbrev  0x00000345      0x1fa build/usb_device.o
 .debug_abbrev  0x0000053f      0x2ec build/usbd_conf.o
 .debug_abbrev  0x0000082b      0x25e build/usbd_desc.o
 .debug_abbrev  0x00000a89      0x224 build/usbd_custom_hid_if.o
 .debug_abbrev  0x00000cad      0x21e build/stm32f4xx_it.o
 .debug_abbrev  0x00000ecb      0x1ed build/stm32f4xx_hal_msp.o
 .debug_abbrev  0x000010b8      0x350 build/stm32f4xx_hal_pcd.o
 .debug_abbrev  0x00001408      0x22f build/stm32f4xx_hal_pcd_ex.o
 .debug_abbrev  0x00001637      0x320 build/stm32f4xx_ll_usb.o
 .debug_abbrev  0x00001957      0x32f build/stm32f4xx_hal_rcc.o
 .debug_abbrev  0x00001c86      0x352 build/stm32f4xx_hal_flash.o
 .debug_abbrev  0x00001fd8      0x315 build/stm32f4xx_hal_flash_ex.o
 .debug_abbrev  0x000022ed      0x2be build/stm32f4xx_hal_gpio.o
 .debug_abbrev  0x000025ab      0x257 build/stm32f4xx_hal_pwr.o
 .debug_abbrev  0x00002802      0x3dc build/stm32f4xx_hal_cortex.o
 .debug_abbrev  0x00002bde      0x2e1 build/stm32f4xx_hal.o
 .debug_abbrev  0x00002ebf      0x1e6 build/system_stm32f4xx.o
 .debug_abbrev  0x000030a5      0x2c6 build/usbd_core.o
 .debug_abbrev  0x0000336b      0x325 build/usbd_ctlreq.o
 .debug_abbrev  0x00003690      0x1f7 build/usbd_ioreq.o
 .debug_abbrev  0x00003887      0x324 build/usbd_customhid.o
 .debug_abbrev  0x00003bab       0x12 build/startup_stm32f407xx.o

.debug_loc      0x00000000     0x7f05
 .debug_loc     0x00000000      0x1bd build/main.o
 .debug_loc     0x000001bd       0x20 build/usb_device.o
 .debug_loc     0x000001dd      0xf5f build/usbd_conf.o
 .debug_loc     0x0000113c      0x357 build/usbd_desc.o
 .debug_loc     0x00001493       0x7f build/usbd_custom_hid_if.o
 .debug_loc     0x00001512       0x40 build/stm32f4xx_it.o
 .debug_loc     0x00001552       0x20 build/stm32f4xx_hal_msp.o
 .debug_loc     0x00001572      0xfd1 build/stm32f4xx_hal_pcd.o
 .debug_loc     0x00002543       0xe3 build/stm32f4xx_hal_pcd_ex.o
 .debug_loc     0x00002626     0x1b60 build/stm32f4xx_ll_usb.o
 .debug_loc     0x00004186      0x555 build/stm32f4xx_hal_rcc.o
 .debug_loc     0x000046db      0x423 build/stm32f4xx_hal_flash.o
 .debug_loc     0x00004afe      0x650 build/stm32f4xx_hal_flash_ex.o
 .debug_loc     0x0000514e      0x531 build/stm32f4xx_hal_gpio.o
 .debug_loc     0x0000567f       0x83 build/stm32f4xx_hal_pwr.o
 .debug_loc     0x00005702      0x65e build/stm32f4xx_hal_cortex.o
 .debug_loc     0x00005d60      0x19d build/stm32f4xx_hal.o
 .debug_loc     0x00005efd      0x13e build/system_stm32f4xx.o
 .debug_loc     0x0000603b      0x884 build/usbd_core.o
 .debug_loc     0x000068bf      0xcf4 build/usbd_ctlreq.o
 .debug_loc     0x000075b3      0x31c build/usbd_ioreq.o
 .debug_loc     0x000078cf      0x636 build/usbd_customhid.o

.debug_aranges  0x00000000      0xbb0
 .debug_aranges
                0x00000000       0x40 build/main.o
 .debug_aranges
                0x00000040       0x20 build/usb_device.o
 .debug_aranges
                0x00000060       0xf8 build/usbd_conf.o
 .debug_aranges
                0x00000158       0x50 build/usbd_desc.o
 .debug_aranges
                0x000001a8       0x30 build/usbd_custom_hid_if.o
 .debug_aranges
                0x000001d8       0x68 build/stm32f4xx_it.o
 .debug_aranges
                0x00000240       0x20 build/stm32f4xx_hal_msp.o
 .debug_aranges
                0x00000260      0x120 build/stm32f4xx_hal_pcd.o
 .debug_aranges
                0x00000380       0x28 build/stm32f4xx_hal_pcd_ex.o
 .debug_aranges
                0x000003a8      0x180 build/stm32f4xx_ll_usb.o
 .debug_aranges
                0x00000528       0x88 build/stm32f4xx_hal_rcc.o
 .debug_aranges
                0x000005b0       0xa0 build/stm32f4xx_hal_flash.o
 .debug_aranges
                0x00000650       0x98 build/stm32f4xx_hal_flash_ex.o
 .debug_aranges
                0x000006e8       0x58 build/stm32f4xx_hal_gpio.o
 .debug_aranges
                0x00000740       0xa0 build/stm32f4xx_hal_pwr.o
 .debug_aranges
                0x000007e0       0xa8 build/stm32f4xx_hal_cortex.o
 .debug_aranges
                0x00000888       0xe0 build/stm32f4xx_hal.o
 .debug_aranges
                0x00000968       0x28 build/system_stm32f4xx.o
 .debug_aranges
                0x00000990       0xb8 build/usbd_core.o
 .debug_aranges
                0x00000a48       0x88 build/usbd_ctlreq.o
 .debug_aranges
                0x00000ad0       0x50 build/usbd_ioreq.o
 .debug_aranges
                0x00000b20       0x68 build/usbd_customhid.o
 .debug_aranges
                0x00000b88       0x28 build/startup_stm32f407xx.o

.debug_ranges   0x00000000      0xac0
 .debug_ranges  0x00000000       0x30 build/main.o
 .debug_ranges  0x00000030       0x10 build/usb_device.o
 .debug_ranges  0x00000040       0xe8 build/usbd_conf.o
 .debug_ranges  0x00000128       0x40 build/usbd_desc.o
 .debug_ranges  0x00000168       0x20 build/usbd_custom_hid_if.o
 .debug_ranges  0x00000188       0x58 build/stm32f4xx_it.o
 .debug_ranges  0x000001e0       0x10 build/stm32f4xx_hal_msp.o
 .debug_ranges  0x000001f0      0x110 build/stm32f4xx_hal_pcd.o
 .debug_ranges  0x00000300       0x18 build/stm32f4xx_hal_pcd_ex.o
 .debug_ranges  0x00000318      0x170 build/stm32f4xx_ll_usb.o
 .debug_ranges  0x00000488       0x90 build/stm32f4xx_hal_rcc.o
 .debug_ranges  0x00000518       0x90 build/stm32f4xx_hal_flash.o
 .debug_ranges  0x000005a8       0x88 build/stm32f4xx_hal_flash_ex.o
 .debug_ranges  0x00000630       0x48 build/stm32f4xx_hal_gpio.o
 .debug_ranges  0x00000678       0x90 build/stm32f4xx_hal_pwr.o
 .debug_ranges  0x00000708       0xf8 build/stm32f4xx_hal_cortex.o
 .debug_ranges  0x00000800       0xd0 build/stm32f4xx_hal.o
 .debug_ranges  0x000008d0       0x18 build/system_stm32f4xx.o
 .debug_ranges  0x000008e8       0xa8 build/usbd_core.o
 .debug_ranges  0x00000990       0x78 build/usbd_ctlreq.o
 .debug_ranges  0x00000a08       0x40 build/usbd_ioreq.o
 .debug_ranges  0x00000a48       0x58 build/usbd_customhid.o
 .debug_ranges  0x00000aa0       0x20 build/startup_stm32f407xx.o

.debug_line     0x00000000     0x6295
 .debug_line    0x00000000      0x4d4 build/main.o
 .debug_line    0x000004d4      0x347 build/usb_device.o
 .debug_line    0x0000081b      0x621 build/usbd_conf.o
 .debug_line    0x00000e3c      0x349 build/usbd_desc.o
 .debug_line    0x00001185      0x353 build/usbd_custom_hid_if.o
 .debug_line    0x000014d8      0x346 build/stm32f4xx_it.o
 .debug_line    0x0000181e      0x264 build/stm32f4xx_hal_msp.o
 .debug_line    0x00001a82      0x7d2 build/stm32f4xx_hal_pcd.o
 .debug_line    0x00002254      0x2d2 build/stm32f4xx_hal_pcd_ex.o
 .debug_line    0x00002526      0x8ee build/stm32f4xx_ll_usb.o
 .debug_line    0x00002e14      0x548 build/stm32f4xx_hal_rcc.o
 .debug_line    0x0000335c      0x4b7 build/stm32f4xx_hal_flash.o
 .debug_line    0x00003813      0x488 build/stm32f4xx_hal_flash_ex.o
 .debug_line    0x00003c9b      0x410 build/stm32f4xx_hal_gpio.o
 .debug_line    0x000040ab      0x3f6 build/stm32f4xx_hal_pwr.o
 .debug_line    0x000044a1      0x4c2 build/stm32f4xx_hal_cortex.o
 .debug_line    0x00004963      0x482 build/stm32f4xx_hal.o
 .debug_line    0x00004de5      0x255 build/system_stm32f4xx.o
 .debug_line    0x0000503a      0x4f8 build/usbd_core.o
 .debug_line    0x00005532      0x505 build/usbd_ctlreq.o
 .debug_line    0x00005a37      0x35a build/usbd_ioreq.o
 .debug_line    0x00005d91      0x490 build/usbd_customhid.o
 .debug_line    0x00006221       0x74 build/startup_stm32f407xx.o

.debug_str      0x00000000     0x3b2b
 .debug_str     0x00000000     0x1314 build/main.o
                               0x141c (size before relaxing)
 .debug_str     0x00001314       0xd4 build/usb_device.o
                                0xa47 (size before relaxing)
 .debug_str     0x000013e8      0x84e build/usbd_conf.o
                               0x1881 (size before relaxing)
 .debug_str     0x00001c36      0x11a build/usbd_desc.o
                                0x805 (size before relaxing)
 .debug_str     0x00001d50      0x111 build/usbd_custom_hid_if.o
                                0xb27 (size before relaxing)
 .debug_str     0x00001e61       0xeb build/stm32f4xx_it.o
                                0x9c5 (size before relaxing)
 .debug_str     0x00001f4c       0x41 build/stm32f4xx_hal_msp.o
                                0xaf4 (size before relaxing)
 .debug_str     0x00001f8d      0x480 build/stm32f4xx_hal_pcd.o
                                0xff7 (size before relaxing)
 .debug_str     0x0000240d       0x47 build/stm32f4xx_hal_pcd_ex.o
                                0x97b (size before relaxing)
 .debug_str     0x00002454      0x3ac build/stm32f4xx_ll_usb.o
                                0xf9f (size before relaxing)
 .debug_str     0x00002800      0x1c8 build/stm32f4xx_hal_rcc.o
                                0xac2 (size before relaxing)
 .debug_str     0x000029c8      0x27b build/stm32f4xx_hal_flash.o
                                0x953 (size before relaxing)
 .debug_str     0x00002c43      0x1d4 build/stm32f4xx_hal_flash_ex.o
                                0x9a9 (size before relaxing)
 .debug_str     0x00002e17      0x10f build/stm32f4xx_hal_gpio.o
                                0x8ef (size before relaxing)
 .debug_str     0x00002f26      0x1fc build/stm32f4xx_hal_pwr.o
                                0x958 (size before relaxing)
 .debug_str     0x00003122      0x32d build/stm32f4xx_hal_cortex.o
                               0x1019 (size before relaxing)
 .debug_str     0x0000344f      0x277 build/stm32f4xx_hal.o
                                0xf42 (size before relaxing)
 .debug_str     0x000036c6       0x42 build/system_stm32f4xx.o
                                0x753 (size before relaxing)
 .debug_str     0x00003708      0x13e build/usbd_core.o
                                0xc4a (size before relaxing)
 .debug_str     0x00003846       0xe2 build/usbd_ctlreq.o
                                0xb64 (size before relaxing)
 .debug_str     0x00003928       0x60 build/usbd_ioreq.o
                                0xa91 (size before relaxing)
 .debug_str     0x00003988      0x17e build/usbd_customhid.o
                                0xcc5 (size before relaxing)
 .debug_str     0x00003b06       0x25 build/startup_stm32f407xx.o
                                 0x3a (size before relaxing)

.comment        0x00000000       0x7e
 .comment       0x00000000       0x7e build/main.o
                                 0x7f (size before relaxing)
 .comment       0x0000007e       0x7f build/usb_device.o
 .comment       0x0000007e       0x7f build/usbd_conf.o
 .comment       0x0000007e       0x7f build/usbd_desc.o
 .comment       0x0000007e       0x7f build/usbd_custom_hid_if.o
 .comment       0x0000007e       0x7f build/stm32f4xx_it.o
 .comment       0x0000007e       0x7f build/stm32f4xx_hal_msp.o
 .comment       0x0000007e       0x7f build/stm32f4xx_hal_pcd.o
 .comment       0x0000007e       0x7f build/stm32f4xx_hal_pcd_ex.o
 .comment       0x0000007e       0x7f build/stm32f4xx_ll_usb.o
 .comment       0x0000007e       0x7f build/stm32f4xx_hal_rcc.o
 .comment       0x0000007e       0x7f build/stm32f4xx_hal_flash.o
 .comment       0x0000007e       0x7f build/stm32f4xx_hal_flash_ex.o
 .comment       0x0000007e       0x7f build/stm32f4xx_hal_gpio.o
 .comment       0x0000007e       0x7f build/stm32f4xx_hal_pwr.o
 .comment       0x0000007e       0x7f build/stm32f4xx_hal_cortex.o
 .comment       0x0000007e       0x7f build/stm32f4xx_hal.o
 .comment       0x0000007e       0x7f build/system_stm32f4xx.o
 .comment       0x0000007e       0x7f build/usbd_core.o
 .comment       0x0000007e       0x7f build/usbd_ctlreq.o
 .comment       0x0000007e       0x7f build/usbd_ioreq.o
 .comment       0x0000007e       0x7f build/usbd_customhid.o

.debug_frame    0x00000000     0x2084
 .debug_frame   0x00000000       0xb0 build/main.o
 .debug_frame   0x000000b0       0x2c build/usb_device.o
 .debug_frame   0x000000dc      0x318 build/usbd_conf.o
 .debug_frame   0x000003f4       0xbc build/usbd_desc.o
 .debug_frame   0x000004b0       0x40 build/usbd_custom_hid_if.o
 .debug_frame   0x000004f0       0xc8 build/stm32f4xx_it.o
 .debug_frame   0x000005b8       0x2c build/stm32f4xx_hal_msp.o
 .debug_frame   0x000005e4      0x34c build/stm32f4xx_hal_pcd.o
 .debug_frame   0x00000930       0x40 build/stm32f4xx_hal_pcd_ex.o
 .debug_frame   0x00000970      0x514 build/stm32f4xx_ll_usb.o
 .debug_frame   0x00000e84      0x1c4 build/stm32f4xx_hal_rcc.o
 .debug_frame   0x00001048      0x17c build/stm32f4xx_hal_flash.o
 .debug_frame   0x000011c4      0x194 build/stm32f4xx_hal_flash_ex.o
 .debug_frame   0x00001358       0xec build/stm32f4xx_hal_gpio.o
 .debug_frame   0x00001444      0x12c build/stm32f4xx_hal_pwr.o
 .debug_frame   0x00001570      0x16c build/stm32f4xx_hal_cortex.o
 .debug_frame   0x000016dc      0x1e0 build/stm32f4xx_hal.o
 .debug_frame   0x000018bc       0x30 build/system_stm32f4xx.o
 .debug_frame   0x000018ec      0x1ec build/usbd_core.o
 .debug_frame   0x00001ad8      0x1b0 build/usbd_ctlreq.o
 .debug_frame   0x00001c88       0xd4 build/usbd_ioreq.o
 .debug_frame   0x00001d5c      0x104 build/usbd_customhid.o
 .debug_frame   0x00001e60       0x2c c:/program files (x86)/gnu tools arm embedded/7 2017-q4-major/bin/../lib/gcc/arm-none-eabi/7.2.1/../../../../arm-none-eabi/lib/thumb/v7e-m/fpv4-sp/hard\libc_nano.a(lib_a-init.o)
 .debug_frame   0x00001e8c       0x30 c:/program files (x86)/gnu tools arm embedded/7 2017-q4-major/bin/../lib/gcc/arm-none-eabi/7.2.1/../../../../arm-none-eabi/lib/thumb/v7e-m/fpv4-sp/hard\libc_nano.a(lib_a-malloc.o)
 .debug_frame   0x00001ebc       0x2c c:/program files (x86)/gnu tools arm embedded/7 2017-q4-major/bin/../lib/gcc/arm-none-eabi/7.2.1/../../../../arm-none-eabi/lib/thumb/v7e-m/fpv4-sp/hard\libc_nano.a(lib_a-memcmp.o)
 .debug_frame   0x00001ee8       0x38 c:/program files (x86)/gnu tools arm embedded/7 2017-q4-major/bin/../lib/gcc/arm-none-eabi/7.2.1/../../../../arm-none-eabi/lib/thumb/v7e-m/fpv4-sp/hard\libc_nano.a(lib_a-nano-freer.o)
 .debug_frame   0x00001f20       0x2c c:/program files (x86)/gnu tools arm embedded/7 2017-q4-major/bin/../lib/gcc/arm-none-eabi/7.2.1/../../../../arm-none-eabi/lib/thumb/v7e-m/fpv4-sp/hard\libc_nano.a(lib_a-nano-mallocr.o)
 .debug_frame   0x00001f4c       0x2c c:/program files (x86)/gnu tools arm embedded/7 2017-q4-major/bin/../lib/gcc/arm-none-eabi/7.2.1/../../../../arm-none-eabi/lib/thumb/v7e-m/fpv4-sp/hard\libc_nano.a(lib_a-sbrkr.o)
 .debug_frame   0x00001f78       0x30 c:/program files (x86)/gnu tools arm embedded/7 2017-q4-major/bin/../lib/gcc/arm-none-eabi/7.2.1/../../../../arm-none-eabi/lib/thumb/v7e-m/fpv4-sp/hard\libc_nano.a(lib_a-mlock.o)
 .debug_frame   0x00001fa8       0x5c c:/program files (x86)/gnu tools arm embedded/7 2017-q4-major/bin/../lib/gcc/arm-none-eabi/7.2.1/../../../../arm-none-eabi/lib/thumb/v7e-m/fpv4-sp/hard\libc_nano.a(lib_a-reent.o)
 .debug_frame   0x00002004       0x20 c:/program files (x86)/gnu tools arm embedded/7 2017-q4-major/bin/../lib/gcc/arm-none-eabi/7.2.1/../../../../arm-none-eabi/lib/thumb/v7e-m/fpv4-sp/hard\libnosys.a(sbrk.o)
 .debug_frame   0x00002024       0x2c c:/program files (x86)/gnu tools arm embedded/7 2017-q4-major/bin/../lib/gcc/arm-none-eabi/7.2.1/thumb/v7e-m/fpv4-sp/hard\libgcc.a(_aeabi_uldivmod.o)
 .debug_frame   0x00002050       0x34 c:/program files (x86)/gnu tools arm embedded/7 2017-q4-major/bin/../lib/gcc/arm-none-eabi/7.2.1/thumb/v7e-m/fpv4-sp/hard\libgcc.a(_udivmoddi4.o)

Cross Reference Table

Symbol                                            File
ADC_IRQHandler                                    build/startup_stm32f407xx.o
AHBPrescTable                                     build/system_stm32f4xx.o
                                                  build/stm32f4xx_hal_rcc.o
APBPrescTable                                     build/system_stm32f4xx.o
                                                  build/stm32f4xx_hal_rcc.o
BusFault_Handler                                  build/stm32f4xx_it.o
CAN1_RX0_IRQHandler                               build/startup_stm32f407xx.o
CAN1_RX1_IRQHandler                               build/startup_stm32f407xx.o
CAN1_SCE_IRQHandler                               build/startup_stm32f407xx.o
CAN1_TX_IRQHandler                                build/startup_stm32f407xx.o
CAN2_RX0_IRQHandler                               build/startup_stm32f407xx.o
CAN2_RX1_IRQHandler                               build/startup_stm32f407xx.o
CAN2_SCE_IRQHandler                               build/startup_stm32f407xx.o
CAN2_TX_IRQHandler                                build/startup_stm32f407xx.o
DCMI_IRQHandler                                   build/startup_stm32f407xx.o
DMA1_Stream0_IRQHandler                           build/startup_stm32f407xx.o
DMA1_Stream1_IRQHandler                           build/startup_stm32f407xx.o
DMA1_Stream2_IRQHandler                           build/startup_stm32f407xx.o
DMA1_Stream3_IRQHandler                           build/startup_stm32f407xx.o
DMA1_Stream4_IRQHandler                           build/startup_stm32f407xx.o
DMA1_Stream5_IRQHandler                           build/startup_stm32f407xx.o
DMA1_Stream6_IRQHandler                           build/startup_stm32f407xx.o
DMA1_Stream7_IRQHandler                           build/startup_stm32f407xx.o
DMA2_Stream0_IRQHandler                           build/startup_stm32f407xx.o
DMA2_Stream1_IRQHandler                           build/startup_stm32f407xx.o
DMA2_Stream2_IRQHandler                           build/startup_stm32f407xx.o
DMA2_Stream3_IRQHandler                           build/startup_stm32f407xx.o
DMA2_Stream4_IRQHandler                           build/startup_stm32f407xx.o
DMA2_Stream5_IRQHandler                           build/startup_stm32f407xx.o
DMA2_Stream6_IRQHandler                           build/startup_stm32f407xx.o
DMA2_Stream7_IRQHandler                           build/startup_stm32f407xx.o
DebugMon_Handler                                  build/stm32f4xx_it.o
Default_Handler                                   build/startup_stm32f407xx.o
ETH_IRQHandler                                    build/startup_stm32f407xx.o
ETH_WKUP_IRQHandler                               build/startup_stm32f407xx.o
EXTI0_IRQHandler                                  build/startup_stm32f407xx.o
EXTI15_10_IRQHandler                              build/startup_stm32f407xx.o
EXTI1_IRQHandler                                  build/startup_stm32f407xx.o
EXTI2_IRQHandler                                  build/startup_stm32f407xx.o
EXTI3_IRQHandler                                  build/startup_stm32f407xx.o
EXTI4_IRQHandler                                  build/startup_stm32f407xx.o
EXTI9_5_IRQHandler                                build/startup_stm32f407xx.o
FLASH_Erase_Sector                                build/stm32f4xx_hal_flash_ex.o
                                                  build/stm32f4xx_hal_flash.o
FLASH_FlushCaches                                 build/stm32f4xx_hal_flash_ex.o
                                                  build/stm32f4xx_hal_flash.o
FLASH_IRQHandler                                  build/startup_stm32f407xx.o
FLASH_WaitForLastOperation                        build/stm32f4xx_hal_flash.o
                                                  build/stm32f4xx_hal_flash_ex.o
FPU_IRQHandler                                    build/startup_stm32f407xx.o
FSMC_IRQHandler                                   build/startup_stm32f407xx.o
FS_Desc                                           build/usbd_desc.o
                                                  build/usb_device.o
HAL_DBGMCU_DisableDBGSleepMode                    build/stm32f4xx_hal.o
HAL_DBGMCU_DisableDBGStandbyMode                  build/stm32f4xx_hal.o
HAL_DBGMCU_DisableDBGStopMode                     build/stm32f4xx_hal.o
HAL_DBGMCU_EnableDBGSleepMode                     build/stm32f4xx_hal.o
HAL_DBGMCU_EnableDBGStandbyMode                   build/stm32f4xx_hal.o
HAL_DBGMCU_EnableDBGStopMode                      build/stm32f4xx_hal.o
HAL_DMAEx_ChangeMemory                            build/stm32f4xx_hal_dma_ex.o
HAL_DMAEx_MultiBufferStart                        build/stm32f4xx_hal_dma_ex.o
HAL_DMAEx_MultiBufferStart_IT                     build/stm32f4xx_hal_dma_ex.o
HAL_DMA_Abort                                     build/stm32f4xx_hal_dma.o
HAL_DMA_Abort_IT                                  build/stm32f4xx_hal_dma.o
HAL_DMA_DeInit                                    build/stm32f4xx_hal_dma.o
HAL_DMA_GetError                                  build/stm32f4xx_hal_dma.o
HAL_DMA_GetState                                  build/stm32f4xx_hal_dma.o
HAL_DMA_IRQHandler                                build/stm32f4xx_hal_dma.o
HAL_DMA_Init                                      build/stm32f4xx_hal_dma.o
HAL_DMA_PollForTransfer                           build/stm32f4xx_hal_dma.o
HAL_DMA_RegisterCallback                          build/stm32f4xx_hal_dma.o
HAL_DMA_Start                                     build/stm32f4xx_hal_dma.o
HAL_DMA_Start_IT                                  build/stm32f4xx_hal_dma.o
HAL_DMA_UnRegisterCallback                        build/stm32f4xx_hal_dma.o
HAL_DeInit                                        build/stm32f4xx_hal.o
HAL_Delay                                         build/stm32f4xx_hal.o
                                                  build/stm32f4xx_ll_usb.o
                                                  build/usbd_conf.o
                                                  build/main.o
HAL_DisableCompensationCell                       build/stm32f4xx_hal.o
HAL_EnableCompensationCell                        build/stm32f4xx_hal.o
HAL_FLASHEx_Erase                                 build/stm32f4xx_hal_flash_ex.o
                                                  build/main.o
HAL_FLASHEx_Erase_IT                              build/stm32f4xx_hal_flash_ex.o
HAL_FLASHEx_OBGetConfig                           build/stm32f4xx_hal_flash_ex.o
HAL_FLASHEx_OBProgram                             build/stm32f4xx_hal_flash_ex.o
HAL_FLASH_EndOfOperationCallback                  build/stm32f4xx_hal_flash.o
HAL_FLASH_GetError                                build/stm32f4xx_hal_flash.o
HAL_FLASH_IRQHandler                              build/stm32f4xx_hal_flash.o
HAL_FLASH_Lock                                    build/stm32f4xx_hal_flash.o
                                                  build/main.o
HAL_FLASH_OB_Launch                               build/stm32f4xx_hal_flash.o
HAL_FLASH_OB_Lock                                 build/stm32f4xx_hal_flash.o
HAL_FLASH_OB_Unlock                               build/stm32f4xx_hal_flash.o
HAL_FLASH_OperationErrorCallback                  build/stm32f4xx_hal_flash.o
HAL_FLASH_Program                                 build/stm32f4xx_hal_flash.o
                                                  build/main.o
HAL_FLASH_Program_IT                              build/stm32f4xx_hal_flash.o
HAL_FLASH_Unlock                                  build/stm32f4xx_hal_flash.o
                                                  build/main.o
HAL_GPIO_DeInit                                   build/stm32f4xx_hal_gpio.o
                                                  build/usbd_conf.o
HAL_GPIO_EXTI_Callback                            build/stm32f4xx_hal_gpio.o
HAL_GPIO_EXTI_IRQHandler                          build/stm32f4xx_hal_gpio.o
HAL_GPIO_Init                                     build/stm32f4xx_hal_gpio.o
                                                  build/stm32f4xx_hal_rcc.o
                                                  build/usbd_conf.o
                                                  build/main.o
HAL_GPIO_LockPin                                  build/stm32f4xx_hal_gpio.o
HAL_GPIO_ReadPin                                  build/stm32f4xx_hal_gpio.o
                                                  build/main.o
HAL_GPIO_TogglePin                                build/stm32f4xx_hal_gpio.o
HAL_GPIO_WritePin                                 build/stm32f4xx_hal_gpio.o
                                                  build/main.o
HAL_GetDEVID                                      build/stm32f4xx_hal.o
HAL_GetHalVersion                                 build/stm32f4xx_hal.o
HAL_GetREVID                                      build/stm32f4xx_hal.o
HAL_GetTick                                       build/stm32f4xx_hal.o
                                                  build/stm32f4xx_hal_pwr_ex.o
                                                  build/stm32f4xx_hal_dma.o
                                                  build/stm32f4xx_hal_flash.o
                                                  build/stm32f4xx_hal_rcc_ex.o
                                                  build/stm32f4xx_hal_rcc.o
HAL_GetTickFreq                                   build/stm32f4xx_hal.o
HAL_GetTickPrio                                   build/stm32f4xx_hal.o
HAL_GetUID                                        build/stm32f4xx_hal.o
HAL_IncTick                                       build/stm32f4xx_hal.o
                                                  build/stm32f4xx_it.o
HAL_Init                                          build/stm32f4xx_hal.o
                                                  build/main.o
HAL_InitTick                                      build/stm32f4xx_hal.o
                                                  build/stm32f4xx_hal_rcc_ex.o
                                                  build/stm32f4xx_hal_rcc.o
HAL_MPU_ConfigRegion                              build/stm32f4xx_hal_cortex.o
HAL_MPU_Disable                                   build/stm32f4xx_hal_cortex.o
HAL_MPU_Enable                                    build/stm32f4xx_hal_cortex.o
HAL_MspDeInit                                     build/stm32f4xx_hal.o
HAL_MspInit                                       build/stm32f4xx_hal_msp.o
HAL_NVIC_ClearPendingIRQ                          build/stm32f4xx_hal_cortex.o
HAL_NVIC_DisableIRQ                               build/stm32f4xx_hal_cortex.o
                                                  build/usbd_conf.o
HAL_NVIC_EnableIRQ                                build/stm32f4xx_hal_cortex.o
                                                  build/usbd_conf.o
HAL_NVIC_GetActive                                build/stm32f4xx_hal_cortex.o
HAL_NVIC_GetPendingIRQ                            build/stm32f4xx_hal_cortex.o
HAL_NVIC_GetPriority                              build/stm32f4xx_hal_cortex.o
HAL_NVIC_GetPriorityGrouping                      build/stm32f4xx_hal_cortex.o
HAL_NVIC_SetPendingIRQ                            build/stm32f4xx_hal_cortex.o
HAL_NVIC_SetPriority                              build/stm32f4xx_hal_cortex.o
                                                  build/stm32f4xx_hal.o
                                                  build/stm32f4xx_hal_msp.o
                                                  build/usbd_conf.o
                                                  build/main.o
HAL_NVIC_SetPriorityGrouping                      build/stm32f4xx_hal_cortex.o
                                                  build/stm32f4xx_hal.o
                                                  build/stm32f4xx_hal_msp.o
HAL_NVIC_SystemReset                              build/stm32f4xx_hal_cortex.o
                                                  build/main.o
HAL_PCDEx_SetRxFiFo                               build/stm32f4xx_hal_pcd_ex.o
                                                  build/usbd_conf.o
HAL_PCDEx_SetTxFiFo                               build/stm32f4xx_hal_pcd_ex.o
                                                  build/usbd_conf.o
HAL_PCD_ActivateRemoteWakeup                      build/stm32f4xx_hal_pcd.o
HAL_PCD_ConnectCallback                           build/usbd_conf.o
HAL_PCD_DataInStageCallback                       build/usbd_conf.o
HAL_PCD_DataOutStageCallback                      build/usbd_conf.o
HAL_PCD_DeActivateRemoteWakeup                    build/stm32f4xx_hal_pcd.o
HAL_PCD_DeInit                                    build/stm32f4xx_hal_pcd.o
                                                  build/usbd_conf.o
HAL_PCD_DevConnect                                build/stm32f4xx_hal_pcd.o
HAL_PCD_DevDisconnect                             build/stm32f4xx_hal_pcd.o
HAL_PCD_DisconnectCallback                        build/usbd_conf.o
HAL_PCD_EP_Close                                  build/stm32f4xx_hal_pcd.o
                                                  build/usbd_conf.o
HAL_PCD_EP_ClrStall                               build/stm32f4xx_hal_pcd.o
                                                  build/usbd_conf.o
HAL_PCD_EP_Flush                                  build/stm32f4xx_hal_pcd.o
                                                  build/usbd_conf.o
HAL_PCD_EP_GetRxCount                             build/stm32f4xx_hal_pcd.o
                                                  build/usbd_conf.o
HAL_PCD_EP_Open                                   build/stm32f4xx_hal_pcd.o
                                                  build/usbd_conf.o
HAL_PCD_EP_Receive                                build/stm32f4xx_hal_pcd.o
                                                  build/usbd_conf.o
HAL_PCD_EP_SetStall                               build/stm32f4xx_hal_pcd.o
                                                  build/usbd_conf.o
HAL_PCD_EP_Transmit                               build/stm32f4xx_hal_pcd.o
                                                  build/usbd_conf.o
HAL_PCD_GetState                                  build/stm32f4xx_hal_pcd.o
HAL_PCD_IRQHandler                                build/stm32f4xx_hal_pcd.o
                                                  build/stm32f4xx_it.o
HAL_PCD_ISOINIncompleteCallback                   build/usbd_conf.o
HAL_PCD_ISOOUTIncompleteCallback                  build/usbd_conf.o
HAL_PCD_Init                                      build/stm32f4xx_hal_pcd.o
                                                  build/usbd_conf.o
HAL_PCD_MspDeInit                                 build/usbd_conf.o
HAL_PCD_MspInit                                   build/usbd_conf.o
HAL_PCD_ResetCallback                             build/usbd_conf.o
HAL_PCD_ResumeCallback                            build/usbd_conf.o
HAL_PCD_SOFCallback                               build/usbd_conf.o
HAL_PCD_SetAddress                                build/stm32f4xx_hal_pcd.o
                                                  build/usbd_conf.o
HAL_PCD_SetupStageCallback                        build/usbd_conf.o
HAL_PCD_Start                                     build/stm32f4xx_hal_pcd.o
                                                  build/usbd_conf.o
HAL_PCD_Stop                                      build/stm32f4xx_hal_pcd.o
                                                  build/usbd_conf.o
HAL_PCD_SuspendCallback                           build/usbd_conf.o
HAL_PWREx_ControlVoltageScaling                   build/stm32f4xx_hal_pwr_ex.o
HAL_PWREx_DisableBkUpReg                          build/stm32f4xx_hal_pwr_ex.o
HAL_PWREx_DisableFlashPowerDown                   build/stm32f4xx_hal_pwr_ex.o
HAL_PWREx_EnableBkUpReg                           build/stm32f4xx_hal_pwr_ex.o
HAL_PWREx_EnableFlashPowerDown                    build/stm32f4xx_hal_pwr_ex.o
HAL_PWREx_GetVoltageRange                         build/stm32f4xx_hal_pwr_ex.o
HAL_PWR_ConfigPVD                                 build/stm32f4xx_hal_pwr.o
HAL_PWR_DeInit                                    build/stm32f4xx_hal_pwr.o
HAL_PWR_DisableBkUpAccess                         build/stm32f4xx_hal_pwr.o
HAL_PWR_DisablePVD                                build/stm32f4xx_hal_pwr.o
HAL_PWR_DisableSEVOnPend                          build/stm32f4xx_hal_pwr.o
HAL_PWR_DisableSleepOnExit                        build/stm32f4xx_hal_pwr.o
HAL_PWR_DisableWakeUpPin                          build/stm32f4xx_hal_pwr.o
HAL_PWR_EnableBkUpAccess                          build/stm32f4xx_hal_pwr.o
                                                  build/main.o
HAL_PWR_EnablePVD                                 build/stm32f4xx_hal_pwr.o
HAL_PWR_EnableSEVOnPend                           build/stm32f4xx_hal_pwr.o
HAL_PWR_EnableSleepOnExit                         build/stm32f4xx_hal_pwr.o
HAL_PWR_EnableWakeUpPin                           build/stm32f4xx_hal_pwr.o
HAL_PWR_EnterSLEEPMode                            build/stm32f4xx_hal_pwr.o
HAL_PWR_EnterSTANDBYMode                          build/stm32f4xx_hal_pwr.o
HAL_PWR_EnterSTOPMode                             build/stm32f4xx_hal_pwr.o
HAL_PWR_PVDCallback                               build/stm32f4xx_hal_pwr.o
HAL_PWR_PVD_IRQHandler                            build/stm32f4xx_hal_pwr.o
HAL_RCCEx_DisablePLLI2S                           build/stm32f4xx_hal_rcc_ex.o
HAL_RCCEx_EnablePLLI2S                            build/stm32f4xx_hal_rcc_ex.o
HAL_RCCEx_GetPeriphCLKConfig                      build/stm32f4xx_hal_rcc_ex.o
HAL_RCCEx_GetPeriphCLKFreq                        build/stm32f4xx_hal_rcc_ex.o
HAL_RCCEx_PeriphCLKConfig                         build/stm32f4xx_hal_rcc_ex.o
HAL_RCC_CSSCallback                               build/stm32f4xx_hal_rcc.o
HAL_RCC_ClockConfig                               build/stm32f4xx_hal_rcc.o
                                                  build/main.o
HAL_RCC_DeInit                                    build/stm32f4xx_hal_rcc_ex.o
                                                  build/stm32f4xx_hal_rcc.o
HAL_RCC_DisableCSS                                build/stm32f4xx_hal_rcc.o
HAL_RCC_EnableCSS                                 build/stm32f4xx_hal_rcc.o
HAL_RCC_GetClockConfig                            build/stm32f4xx_hal_rcc.o
HAL_RCC_GetHCLKFreq                               build/stm32f4xx_hal_rcc.o
                                                  build/stm32f4xx_hal_pcd.o
                                                  build/main.o
HAL_RCC_GetOscConfig                              build/stm32f4xx_hal_rcc.o
HAL_RCC_GetPCLK1Freq                              build/stm32f4xx_hal_rcc.o
HAL_RCC_GetPCLK2Freq                              build/stm32f4xx_hal_rcc.o
HAL_RCC_GetSysClockFreq                           build/stm32f4xx_hal_rcc.o
HAL_RCC_MCOConfig                                 build/stm32f4xx_hal_rcc.o
HAL_RCC_NMI_IRQHandler                            build/stm32f4xx_hal_rcc.o
HAL_RCC_OscConfig                                 build/stm32f4xx_hal_rcc.o
                                                  build/main.o
HAL_ResumeTick                                    build/stm32f4xx_hal.o
HAL_SYSTICK_CLKSourceConfig                       build/stm32f4xx_hal_cortex.o
                                                  build/main.o
HAL_SYSTICK_Callback                              build/stm32f4xx_hal_cortex.o
HAL_SYSTICK_Config                                build/stm32f4xx_hal_cortex.o
                                                  build/stm32f4xx_hal.o
                                                  build/main.o
HAL_SYSTICK_IRQHandler                            build/stm32f4xx_hal_cortex.o
                                                  build/stm32f4xx_it.o
HAL_SetTickFreq                                   build/stm32f4xx_hal.o
HAL_SuspendTick                                   build/stm32f4xx_hal.o
HASH_RNG_IRQHandler                               build/startup_stm32f407xx.o
HardFault_Handler                                 build/stm32f4xx_it.o
I2C1_ER_IRQHandler                                build/startup_stm32f407xx.o
I2C1_EV_IRQHandler                                build/startup_stm32f407xx.o
I2C2_ER_IRQHandler                                build/startup_stm32f407xx.o
I2C2_EV_IRQHandler                                build/startup_stm32f407xx.o
I2C3_ER_IRQHandler                                build/startup_stm32f407xx.o
I2C3_EV_IRQHandler                                build/startup_stm32f407xx.o
MX_USB_DEVICE_Init                                build/usb_device.o
                                                  build/main.o
MemManage_Handler                                 build/stm32f4xx_it.o
NMI_Handler                                       build/stm32f4xx_it.o
OTG_FS_IRQHandler                                 build/stm32f4xx_it.o
OTG_FS_WKUP_IRQHandler                            build/startup_stm32f407xx.o
OTG_HS_EP1_IN_IRQHandler                          build/startup_stm32f407xx.o
OTG_HS_EP1_OUT_IRQHandler                         build/startup_stm32f407xx.o
OTG_HS_IRQHandler                                 build/startup_stm32f407xx.o
OTG_HS_WKUP_IRQHandler                            build/startup_stm32f407xx.o
PVD_IRQHandler                                    build/startup_stm32f407xx.o
PendSV_Handler                                    build/stm32f4xx_it.o
RCC_IRQHandler                                    build/startup_stm32f407xx.o
RTC_Alarm_IRQHandler                              build/startup_stm32f407xx.o
RTC_WKUP_IRQHandler                               build/startup_stm32f407xx.o
Reset_Handler                                     build/startup_stm32f407xx.o
SDIO_IRQHandler                                   build/startup_stm32f407xx.o
SPI1_IRQHandler                                   build/startup_stm32f407xx.o
SPI2_IRQHandler                                   build/startup_stm32f407xx.o
SPI3_IRQHandler                                   build/startup_stm32f407xx.o
SVC_Handler                                       build/stm32f4xx_it.o
SysTick_Handler                                   build/stm32f4xx_it.o
SystemClock_Config                                build/main.o
SystemCoreClock                                   build/system_stm32f4xx.o
                                                  build/stm32f4xx_hal.o
                                                  build/stm32f4xx_hal_dma.o
                                                  build/stm32f4xx_hal_rcc_ex.o
                                                  build/stm32f4xx_hal_rcc.o
SystemCoreClockUpdate                             build/system_stm32f4xx.o
SystemInit                                        build/system_stm32f4xx.o
                                                  build/startup_stm32f407xx.o
TAMP_STAMP_IRQHandler                             build/startup_stm32f407xx.o
TIM1_BRK_TIM9_IRQHandler                          build/startup_stm32f407xx.o
TIM1_CC_IRQHandler                                build/startup_stm32f407xx.o
TIM1_TRG_COM_TIM11_IRQHandler                     build/startup_stm32f407xx.o
TIM1_UP_TIM10_IRQHandler                          build/startup_stm32f407xx.o
TIM2_IRQHandler                                   build/startup_stm32f407xx.o
TIM3_IRQHandler                                   build/startup_stm32f407xx.o
TIM4_IRQHandler                                   build/startup_stm32f407xx.o
TIM5_IRQHandler                                   build/startup_stm32f407xx.o
TIM6_DAC_IRQHandler                               build/startup_stm32f407xx.o
TIM7_IRQHandler                                   build/startup_stm32f407xx.o
TIM8_BRK_TIM12_IRQHandler                         build/startup_stm32f407xx.o
TIM8_CC_IRQHandler                                build/startup_stm32f407xx.o